Component: ARM Compiler 5.06 update 1 (build 61) Tool: armlink [4d35a8]

==============================================================================

Section Cross References

    main.o(i.main) refers to misc.o(i.NVIC_PriorityGroupConfig) for NVIC_PriorityGroupConfig
    main.o(i.main) refers to usart.o(i.uart_init) for uart_init
    main.o(i.main) refers to key.o(i.key_init) for key_init
    main.o(i.main) refers to delay.o(i.delay_init) for delay_init
    main.o(i.main) refers to timer.o(i.TIM5_Cap_Init) for TIM5_Cap_Init
    main.o(i.main) refers to timer.o(i.TIM2_init) for TIM2_init
    main.o(i.main) refers to timer.o(i.TIM3_pwm_init) for TIM3_pwm_init
    main.o(i.main) refers to pid.o(i.pid_init) for pid_init
    main.o(i.main) refers to stm32f10x_tim.o(i.TIM_SetCompare2) for TIM_SetCompare2
    main.o(i.main) refers to lcd.o(i.LCD_Init) for LCD_Init
    main.o(i.main) refers to eeprom.o(i.AT24CXX_Init) for AT24CXX_Init
    main.o(i.main) refers to timer.o(i.TIM4_init) for TIM4_init
    main.o(i.main) refers to lcd.o(i.LCD_Clear) for LCD_Clear
    main.o(i.main) refers to jiemian.o(i.zhujiemian) for zhujiemian
    system_stm32f10x.o(i.SetSysClock) refers to system_stm32f10x.o(i.SetSysClockTo72) for SetSysClockTo72
    system_stm32f10x.o(i.SystemCoreClockUpdate) refers to system_stm32f10x.o(.data) for SystemCoreClock
    system_stm32f10x.o(i.SystemInit) refers to system_stm32f10x.o(i.SetSysClock) for SetSysClock
    delay.o(i.delay_init) refers to misc.o(i.SysTick_CLKSourceConfig) for SysTick_CLKSourceConfig
    delay.o(i.delay_init) refers to system_stm32f10x.o(.data) for SystemCoreClock
    delay.o(i.delay_init) refers to delay.o(.data) for fac_us
    delay.o(i.delay_ms) refers to delay.o(.data) for fac_ms
    delay.o(i.delay_us) refers to delay.o(.data) for fac_us
    usart.o(i.USART1_IRQHandler) refers (Special) to use_no_semi_2.o(.text) for __use_no_semihosting
    usart.o(i.USART1_IRQHandler) refers to stm32f10x_usart.o(i.USART_GetITStatus) for USART_GetITStatus
    usart.o(i.USART1_IRQHandler) refers to stm32f10x_usart.o(i.USART_ReceiveData) for USART_ReceiveData
    usart.o(i.USART1_IRQHandler) refers to usart.o(.data) for USART_RX_STA
    usart.o(i.USART1_IRQHandler) refers to usart.o(.bss) for USART_RX_BUF
    usart.o(i._sys_exit) refers (Special) to use_no_semi_2.o(.text) for __use_no_semihosting
    usart.o(i.fputc) refers (Special) to use_no_semi_2.o(.text) for __use_no_semihosting
    usart.o(i.uart_init) refers (Special) to use_no_semi_2.o(.text) for __use_no_semihosting
    usart.o(i.uart_init) refers to stm32f10x_rcc.o(i.RCC_APB2PeriphClockCmd) for RCC_APB2PeriphClockCmd
    usart.o(i.uart_init) refers to stm32f10x_gpio.o(i.GPIO_Init) for GPIO_Init
    usart.o(i.uart_init) refers to misc.o(i.NVIC_Init) for NVIC_Init
    usart.o(i.uart_init) refers to stm32f10x_usart.o(i.USART_Init) for USART_Init
    usart.o(i.uart_init) refers to stm32f10x_usart.o(i.USART_ITConfig) for USART_ITConfig
    usart.o(i.uart_init) refers to stm32f10x_usart.o(i.USART_Cmd) for USART_Cmd
    usart.o(.bss) refers (Special) to use_no_semi_2.o(.text) for __use_no_semihosting
    usart.o(.data) refers (Special) to use_no_semi_2.o(.text) for __use_no_semihosting
    startup_stm32f10x_hd.o(STACK) refers (Special) to heapauxi.o(.text) for __use_two_region_memory
    startup_stm32f10x_hd.o(HEAP) refers (Special) to heapauxi.o(.text) for __use_two_region_memory
    startup_stm32f10x_hd.o(RESET) refers (Special) to heapauxi.o(.text) for __use_two_region_memory
    startup_stm32f10x_hd.o(RESET) refers to startup_stm32f10x_hd.o(STACK) for __initial_sp
    startup_stm32f10x_hd.o(RESET) refers to startup_stm32f10x_hd.o(.text) for Reset_Handler
    startup_stm32f10x_hd.o(RESET) refers to stm32f10x_it.o(i.NMI_Handler) for NMI_Handler
    startup_stm32f10x_hd.o(RESET) refers to stm32f10x_it.o(i.HardFault_Handler) for HardFault_Handler
    startup_stm32f10x_hd.o(RESET) refers to stm32f10x_it.o(i.MemManage_Handler) for MemManage_Handler
    startup_stm32f10x_hd.o(RESET) refers to stm32f10x_it.o(i.BusFault_Handler) for BusFault_Handler
    startup_stm32f10x_hd.o(RESET) refers to stm32f10x_it.o(i.UsageFault_Handler) for UsageFault_Handler
    startup_stm32f10x_hd.o(RESET) refers to stm32f10x_it.o(i.SVC_Handler) for SVC_Handler
    startup_stm32f10x_hd.o(RESET) refers to stm32f10x_it.o(i.DebugMon_Handler) for DebugMon_Handler
    startup_stm32f10x_hd.o(RESET) refers to stm32f10x_it.o(i.PendSV_Handler) for PendSV_Handler
    startup_stm32f10x_hd.o(RESET) refers to stm32f10x_it.o(i.SysTick_Handler) for SysTick_Handler
    startup_stm32f10x_hd.o(RESET) refers to timer.o(i.TIM2_IRQHandler) for TIM2_IRQHandler
    startup_stm32f10x_hd.o(RESET) refers to timer.o(i.TIM3_IRQHandler) for TIM3_IRQHandler
    startup_stm32f10x_hd.o(RESET) refers to timer.o(i.TIM4_IRQHandler) for TIM4_IRQHandler
    startup_stm32f10x_hd.o(RESET) refers to usart.o(i.USART1_IRQHandler) for USART1_IRQHandler
[...]
    HANG3_UP                                 0x20000038   Data           1  key.o(.data)
    HANG4_UP                                 0x20000039   Data           1  key.o(.data)
    .data                                    0x2000003c   Section       24  timer.o(.data)
    i                                        0x2000004c   Data           4  timer.o(.data)
    LAST_SPEED                               0x20000050   Data           4  timer.o(.data)
    .data                                    0x20000054   Section       92  motor.o(.data)
    .data                                    0x200000b0   Section       12  pid.o(.data)
    .data                                    0x200000bc   Section        4  lcd.o(.data)
    .bss                                     0x200000c0   Section      200  usart.o(.bss)
    .bss                                     0x20000188   Section       40  pid.o(.bss)
    .bss                                     0x200001b0   Section       14  lcd.o(.bss)
    .bss                                     0x200001c0   Section       96  libspace.o(.bss)
    HEAP                                     0x20000220   Section      512  startup_stm32f10x_hd.o(HEAP)
    Heap_Mem                                 0x20000220   Data         512  startup_stm32f10x_hd.o(HEAP)
    STACK                                    0x20000420   Section     1024  startup_stm32f10x_hd.o(STACK)
    Stack_Mem                                0x20000420   Data        1024  startup_stm32f10x_hd.o(STACK)
    __initial_sp                             0x20000820   Data           0  startup_stm32f10x_hd.o(STACK)

    Global Symbols

    Symbol Name                              Value     Ov Type        Size  Object(Section)

    BuildAttributes$$THM_ISAv4$P$D$K$B$S$PE$A:L22UL41UL21$X:L11$S22US41US21$IEEE1$IW$USESV6$~STKCKD$USESV7$~SHL$OTIME$ROPI$IEEEX$EBA8$UX$STANDARDLIB$REQ8$PRES8$EABIv2 0x00000000   Number         0  anon$$obj.o ABSOLUTE
    __ARM_use_no_argv                        0x00000000   Number         0  main.o ABSOLUTE
    _printf_flags                            0x00000000   Number         0  printf_stubs.o ABSOLUTE
    _printf_return_value                     0x00000000   Number         0  printf_stubs.o ABSOLUTE
    _printf_sizespec                         0x00000000   Number         0  printf_stubs.o ABSOLUTE
    _printf_widthprec                        0x00000000   Number         0  printf_stubs.o ABSOLUTE
    __ARM_exceptions_init                     - Undefined Weak Reference
    __alloca_initialize                       - Undefined Weak Reference
    __arm_preinit_                            - Undefined Weak Reference
    __cpp_initialize__aeabi_                  - Undefined Weak Reference
    __cxa_finalize                            - Undefined Weak Reference
    __sigvec_lookup                           - Undefined Weak Reference
    _atexit_init                              - Undefined Weak Reference
    _call_atexit_fns                          - Undefined Weak Reference
    _clock_init                               - Undefined Weak Reference
    _fp_trap_init                             - Undefined Weak Reference
    _fp_trap_shutdown                         - Undefined Weak Reference
    _get_lc_collate                           - Undefined Weak Reference
    _get_lc_monetary                          - Undefined Weak Reference
    _get_lc_time                              - Undefined Weak Reference
    _getenv_init                              - Undefined Weak Reference
    _handle_redirection                       - Undefined Weak Reference
    _init_alloc                               - Undefined Weak Reference
    _init_user_alloc                          - Undefined Weak Reference
    _initio                                   - Undefined Weak Reference
    _mutex_acquire                            - Undefined Weak Reference
    _mutex_release                            - Undefined Weak Reference
    _printf_fp_hex                            - Undefined Weak Reference
    _printf_mbtowc                            - Undefined Weak Reference
    _printf_wc                                - Undefined Weak Reference
    _rand_init                                - Undefined Weak Reference
    _signal_finish                            - Undefined Weak Reference
    _signal_init                              - Undefined Weak Reference
    _terminate_alloc                          - Undefined Weak Reference
    _terminate_user_alloc                     - Undefined Weak Reference
    _terminateio                              - Undefined Weak Reference
    __Vectors_Size                           0x00000130   Number         0  startup_stm32f10x_hd.o ABSOLUTE
    __Vectors                                0x08000000   Data           4  startup_stm32f10x_hd.o(RESET)
    __Vectors_End                            0x08000130   Data           0  startup_stm32f10x_hd.o(RESET)
    __main                                   0x08000131   Thumb Code     8  __main.o(!!!main)
    __scatterload                            0x08000139   Thumb Code     0  __scatter.o(!!!scatter)
    __scatterload_rt2                        0x08000139   Thumb Code    44  __scatter.o(!!!scatter)
    __scatterload_rt2_thumb_only             0x08000139   Thumb Code     0  __scatter.o(!!!scatter)
    __scatterload_null                       0x08000147   Thumb Code     0  __scatter.o(!!!scatter)
    __scatterload_copy                       0x0800016d   Thumb Code    26  __scatter_copy.o(!!handler_copy)
    __scatterload_zeroinit                   0x08000189   Thumb Code    28  __scatter_zi.o(!!handler_zi)
    _printf_n                                0x080001a5   Thumb Code     0  _printf_n.o(.ARM.Collect$$_printf_percent$$00000001)
    _printf_percent                          0x080001a5   Thumb Code     0  _printf_percent.o(.ARM.Collect$$_printf_percent$$00000000)
    _printf_p                                0x080001ab   Thumb Code     0  _printf_p.o(.ARM.Collect$$_printf_percent$$00000002)
    _printf_f                                0x080001b1   Thumb Code     0  _printf_f.o(.ARM.Collect$$_printf_percent$$00000003)
    _printf_e                                0x080001b7   Thumb Code     0  _printf_e.o(.ARM.Collect$$_printf_percent$$00000004)
    _printf_g                                0x080001bd   Thumb Code     0  _printf_g.o(.ARM.Collect$$_printf_percent$$00000005)
    _printf_a                                0x080001c3   Thumb Code     0  _printf_a.o(.ARM.Collect$$_printf_percent$$00000006)
    _printf_ll                               0x080001c9   Thumb Code     0  _printf_ll.o(.ARM.Collect$$_printf_percent$$00000007)
    _printf_i                                0x080001d3   Thumb Code     0  _printf_i.o(.ARM.Collect$$_printf_percent$$00000008)
    _printf_d                                0x080001d9   Thumb Code     0  _printf_d.o(.ARM.Collect$$_printf_percent$$00000009)
    _printf_u                                0x080001df   Thumb Code     0  _printf_u.o(.ARM.Collect$$_printf_percent$$0000000A)
    _printf_o                                0x080001e5   Thumb Code     0  _printf_o.o(.ARM.Collect$$_printf_percent$$0000000B)
    _printf_x                                0x080001eb   Thumb Code     0  _printf_x.o(.ARM.Collect$$_printf_percent$$0000000C)
    _printf_lli                              0x080001f1   Thumb Code     0  _printf_lli.o(.ARM.Collect$$_printf_percent$$0000000D)
    _printf_lld                              0x080001f7   Thumb Code     0  _printf_lld.o(.ARM.Collect$$_printf_percent$$0000000E)
    _printf_llu                              0x080001fd   Thumb Code     0  _printf_llu.o(.ARM.Collect$$_printf_percent$$0000000F)
    _printf_llo                              0x08000203   Thumb Code     0  _printf_llo.o(.ARM.Collect$$_printf_percent$$00000010)
    _printf_llx                              0x08000209   Thumb Code     0  _printf_llx.o(.ARM.Collect$$_printf_percent$$00000011)
    _printf_l                                0x0800020f   Thumb Code     0  _printf_l.o(.ARM.Collect$$_printf_percent$$00000012)
    _printf_c                                0x08000219   Thumb Code     0  _printf_c.o(.ARM.Collect$$_printf_percent$$00000013)
    _printf_s                                0x0800021f   Thumb Code     0  _printf_s.o(.ARM.Collect$$_printf_percent$$00000014)
    _printf_lc                               0x08000225   Thumb Code     0  _printf_lc.o(.ARM.Collect$$_printf_percent$$00000015)
    _printf_ls                               0x0800022b   Thumb Code     0  _printf_ls.o(.ARM.Collect$$_printf_percent$$00000016)
    _printf_percent_end                      0x08000231   Thumb Code     0  _printf_percent_end.o(.ARM.Collect$$_printf_percent$$00000017)
    __rt_lib_init                            0x08000235   Thumb Code     0  libinit.o(.ARM.Collect$$libinit$$00000000)
    __rt_lib_init_fp_1                       0x08000237   Thumb Code     0  libinit2.o(.ARM.Collect$$libinit$$00000002)
    __rt_lib_init_heap_1                     0x08000237   Thumb Code     0  libinit2.o(.ARM.Collect$$libinit$$0000000A)
    __rt_lib_init_lc_common                  0x08000237   Thumb Code     0  libinit2.o(.ARM.Collect$$libinit$$0000000F)
    __rt_lib_init_preinit_1                  0x08000237   Thumb Code     0  libinit2.o(.ARM.Collect$$libinit$$00000004)
    __rt_lib_init_rand_1                     0x08000237   Thumb Code     0  libinit2.o(.ARM.Collect$$libinit$$0000000E)
    __rt_lib_init_user_alloc_1               0x08000237   Thumb Code     0  libinit2.o(.ARM.Collect$$libinit$$0000000C)
    __rt_lib_init_lc_collate_1               0x0800023d   Thumb Code     0  libinit2.o(.ARM.Collect$$libinit$$00000011)
    __rt_lib_init_lc_ctype_2                 0x0800023d   Thumb Code     0  libinit2.o(.ARM.Collect$$libinit$$00000012)
    __rt_lib_init_lc_ctype_1                 0x08000249   Thumb Code     0  libinit2.o(.ARM.Collect$$libinit$$00000013)
    __rt_lib_init_lc_monetary_1              0x08000249   Thumb Code     0  libinit2.o(.ARM.Collect$$libinit$$00000015)
    __rt_lib_init_lc_numeric_2               0x08000249   Thumb Code     0  libinit2.o(.ARM.Collect$$libinit$$00000016)
    __rt_lib_init_alloca_1                   0x08000253   Thumb Code     0  libinit2.o(.ARM.Collect$$libinit$$0000002E)
    __rt_lib_init_argv_1                     0x08000253   Thumb Code     0  libinit2.o(.ARM.Collect$$libinit$$0000002C)
    __rt_lib_init_atexit_1                   0x08000253   Thumb Code     0  libinit2.o(.ARM.Collect$$libinit$$0000001B)
    __rt_lib_init_clock_1                    0x08000253   Thumb Code     0  libinit2.o(.ARM.Collect$$libinit$$00000021)
    __rt_lib_init_cpp_1                      0x08000253   Thumb Code     0  libinit2.o(.ARM.Collect$$libinit$$00000032)
    __rt_lib_init_exceptions_1               0x08000253   Thumb Code     0  libinit2.o(.ARM.Collect$$libinit$$00000030)
    __rt_lib_init_fp_trap_1                  0x08000253   Thumb Code     0  libinit2.o(.ARM.Collect$$libinit$$0000001F)
    __rt_lib_init_getenv_1                   0x08000253   Thumb Code     0  libinit2.o(.ARM.Collect$$libinit$$00000023)
    __rt_lib_init_lc_numeric_1               0x08000253   Thumb Code     0  libinit2.o(.ARM.Collect$$libinit$$00000017)
    __rt_lib_init_lc_time_1                  0x08000253   Thumb Code     0  libinit2.o(.ARM.Collect$$libinit$$00000019)
    __rt_lib_init_return                     0x08000253   Thumb Code     0  libinit2.o(.ARM.Collect$$libinit$$00000033)
    __rt_lib_init_signal_1                   0x08000253   Thumb Code     0  libinit2.o(.ARM.Collect$$libinit$$0000001D)
    __rt_lib_init_stdio_1                    0x08000253   Thumb Code     0  libinit2.o(.ARM.Collect$$libinit$$00000025)
    __rt_lib_shutdown                        0x08000255   Thumb Code     0  libshutdown.o(.ARM.Collect$$libshutdown$$00000000)
    __rt_lib_shutdown_cpp_1                  0x08000257   Thumb Code     0  libshutdown2.o(.ARM.Collect$$libshutdown$$00000002)
    __rt_lib_shutdown_fp_trap_1              0x08000257   Thumb Code     0  libshutdown2.o(.ARM.Collect$$libshutdown$$00000007)
    __rt_lib_shutdown_heap_1                 0x08000257   Thumb Code     0  libshutdown2.o(.ARM.Collect$$libshutdown$$0000000F)
    __rt_lib_shutdown_return                 0x08000257   Thumb Code     0  libshutdown2.o(.ARM.Collect$$libshutdown$$00000010)
    __rt_lib_shutdown_signal_1               0x08000257   Thumb Code     0  libshutdown2.o(.ARM.Collect$$libshutdown$$0000000A)
    __rt_lib_shutdown_stdio_1                0x08000257   Thumb Code     0  libshutdown2.o(.ARM.Collect$$libshutdown$$00000004)
    __rt_lib_shutdown_user_alloc_1           0x08000257   Thumb Code     0  libshutdown2.o(.ARM.Collect$$libshutdown$$0000000C)
    __rt_entry                               0x08000259   Thumb Code     0  __rtentry.o(.ARM.Collect$$rtentry$$00000000)
    __rt_entry_presh_1                       0x08000259   Thumb Code     0  __rtentry2.o(.ARM.Collect$$rtentry$$00000002)
    __rt_entry_sh                            0x08000259   Thumb Code     0  __rtentry4.o(.ARM.Collect$$rtentry$$00000004)
    __rt_entry_li                            0x0800025f   Thumb Code     0  __rtentry2.o(.ARM.Collect$$rtentry$$0000000A)
    __rt_entry_postsh_1                      0x0800025f   Thumb Code     0  __rtentry2.o(.ARM.Collect$$rtentry$$00000009)
    __rt_entry_main                          0x08000263   Thumb Code     0  __rtentry2.o(.ARM.Collect$$rtentry$$0000000D)
    __rt_entry_postli_1                      0x08000263   Thumb Code     0  __rtentry2.o(.ARM.Collect$$rtentry$$0000000C)
    __rt_exit                                0x0800026b   Thumb Code     0  rtexit.o(.ARM.Collect$$rtexit$$00000000)
    __rt_exit_ls                             0x0800026d   Thumb Code     0  rtexit2.o(.ARM.Collect$$rtexit$$00000003)
    __rt_exit_prels_1                        0x0800026d   Thumb Code     0  rtexit2.o(.ARM.Collect$$rtexit$$00000002)
    __rt_exit_exit                           0x08000271   Thumb Code     0  rtexit2.o(.ARM.Collect$$rtexit$$00000004)
    Reset_Handler                            0x08000279   Thumb Code     8  startup_stm32f10x_hd.o(.text)
    ADC1_2_IRQHandler                        0x08000293   Thumb Code     0  startup_stm32f10x_hd.o(.text)
    ADC3_IRQHandler                          0x08000293   Thumb Code     0  startup_stm32f10x_hd.o(.text)
    CAN1_RX1_IRQHandler                      0x08000293   Thumb Code     0  startup_stm32f10x_hd.o(.text)
    CAN1_SCE_IRQHandler                      0x08000293   Thumb Code     0  startup_stm32f10x_hd.o(.text)
    DMA1_Channel1_IRQHandler                 0x08000293   Thumb Code     0  startup_stm32f10x_hd.o(.text)
    DMA1_Channel2_IRQHandler                 0x08000293   Thumb Code     0  startup_stm32f10x_hd.o(.text)
    DMA1_Channel3_IRQHandler                 0x08000293   Thumb Code     0  startup_stm32f10x_hd.o(.text)
    DMA1_Channel4_IRQHandler                 0x08000293   Thumb Code     0  startup_stm32f10x_hd.o(.text)
    DMA1_Channel5_IRQHandler                 0x08000293   Thumb Code     0  startup_stm32f10x_hd.o(.text)
    DMA1_Channel6_IRQHandler                 0x08000293   Thumb Code     0  startup_stm32f10x_hd.o(.text)
    DMA1_Channel7_IRQHandler                 0x08000293   Thumb Code     0  startup_stm32f10x_hd.o(.text)
    DMA2_Channel1_IRQHandler                 0x08000293   Thumb Code     0  startup_stm32f10x_hd.o(.text)
    DMA2_Channel2_IRQHandler                 0x08000293   Thumb Code     0  startup_stm32f10x_hd.o(.text)
    DMA2_Channel3_IRQHandler                 0x08000293   Thumb Code     0  startup_stm32f10x_hd.o(.text)
    DMA2_Channel4_5_IRQHandler               0x08000293   Thumb Code     0  startup_stm32f10x_hd.o(.text)
    EXTI0_IRQHandler                         0x08000293   Thumb Code     0  startup_stm32f10x_hd.o(.text)
    EXTI15_10_IRQHandler                     0x08000293   Thumb Code     0  startup_stm32f10x_hd.o(.text)
    EXTI1_IRQHandler                         0x08000293   Thumb Code     0  startup_stm32f10x_hd.o(.text)
    EXTI2_IRQHandler                         0x08000293   Thumb Code     0  startup_stm32f10x_hd.o(.text)
    EXTI3_IRQHandler                         0x08000293   Thumb Code     0  startup_stm32f10x_hd.o(.text)
    EXTI4_IRQHandler                         0x08000293   Thumb Code     0  startup_stm32f10x_hd.o(.text)
    EXTI9_5_IRQHandler                       0x08000293   Thumb Code     0  startup_stm32f10x_hd.o(.text)
    FLASH_IRQHandler                         0x08000293   Thumb Code     0  startup_stm32f10x_hd.o(.text)
    FSMC_IRQHandler                          0x08000293   Thumb Code     0  startup_stm32f10x_hd.o(.text)
    I2C1_ER_IRQHandler                       0x08000293   Thumb Code     0  startup_stm32f10x_hd.o(.text)
    I2C1_EV_IRQHandler                       0x08000293   Thumb Code     0  startup_stm32f10x_hd.o(.text)
    I2C2_ER_IRQHandler                       0x08000293   Thumb Code     0  startup_stm32f10x_hd.o(.text)
    I2C2_EV_IRQHandler                       0x08000293   Thumb Code     0  startup_stm32f10x_hd.o(.text)
    PVD_IRQHandler                           0x08000293   Thumb Code     0  startup_stm32f10x_hd.o(.text)
    RCC_IRQHandler                           0x08000293   Thumb Code     0  startup_stm32f10x_hd.o(.text)
    RTCAlarm_IRQHandler                      0x08000293   Thumb Code     0  startup_stm32f10x_hd.o(.text)
    RTC_IRQHandler                           0x08000293   Thumb Code     0  startup_stm32f10x_hd.o(.text)
    SDIO_IRQHandler                          0x08000293   Thumb Code     0  startup_stm32f10x_hd.o(.text)
    SPI1_IRQHandler                          0x08000293   Thumb Code     0  startup_stm32f10x_hd.o(.text)
    SPI2_IRQHandler                          0x08000293   Thumb Code     0  startup_stm32f10x_hd.o(.text)
    SPI3_IRQHandler                          0x08000293   Thumb Code     0  startup_stm32f10x_hd.o(.text)
    TAMPER_IRQHandler                        0x08000293   Thumb Code     0  startup_stm32f10x_hd.o(.text)
    TIM1_BRK_IRQHandler                      0x08000293   Thumb Code     0  startup_stm32f10x_hd.o(.text)
    TIM1_CC_IRQHandler                       0x08000293   Thumb Code     0  startup_stm32f10x_hd.o(.text)
    TIM1_TRG_COM_IRQHandler                  0x08000293   Thumb Code     0  startup_stm32f10x_hd.o(.text)
    TIM1_UP_IRQHandler                       0x08000293   Thumb Code     0  startup_stm32f10x_hd.o(.text)
    TIM6_IRQHandler                          0x08000293   Thumb Code     0  startup_stm32f10x_hd.o(.text)
    TIM7_IRQHandler                          0x08000293   Thumb Code     0  startup_stm32f10x_hd.o(.text)
    TIM8_BRK_IRQHandler                      0x08000293   Thumb Code     0  startup_stm32f10x_hd.o(.text)
    TIM8_CC_IRQHandler                       0x08000293   Thumb Code     0  startup_stm32f10x_hd.o(.text)
    TIM8_TRG_COM_IRQHandler                  0x08000293   Thumb Code     0  startup_stm32f10x_hd.o(.text)
    TIM8_UP_IRQHandler                       0x08000293   Thumb Code     0  startup_stm32f10x_hd.o(.text)
    UART4_IRQHandler                         0x08000293   Thumb Code     0  startup_stm32f10x_hd.o(.text)
    UART5_IRQHandler                         0x08000293   Thumb Code     0  startup_stm32f10x_hd.o(.text)
    USART2_IRQHandler                        0x08000293   Thumb Code     0  startup_stm32f10x_hd.o(.text)
    USART3_IRQHandler                        0x08000293   Thumb Code     0  startup_stm32f10x_hd.o(.text)
    USBWakeUp_IRQHandler                     0x08000293   Thumb Code     0  startup_stm32f10x_hd.o(.text)
    USB_HP_CAN1_TX_IRQHandler                0x08000293   Thumb Code     0  startup_stm32f10x_hd.o(.text)
    USB_LP_CAN1_RX0_IRQHandler               0x08000293   Thumb Code     0  startup_stm32f10x_hd.o(.text)
    WWDG_IRQHandler                          0x08000293   Thumb Code     0  startup_stm32f10x_hd.o(.text)
    __user_initial_stackheap                 0x08000295   Thumb Code     0  startup_stm32f10x_hd.o(.text)
    __use_no_semihosting                     0x080002b9   Thumb Code     2  use_no_semi_2.o(.text)
    __c89vsprintf                            0x080002bd   Thumb Code    32  c89vsprintf.o(.text)
    __2printf                                0x080002e1   Thumb Code    20  __2printf.o(.text)
    _printf_longlong_hex                     0x080002f9   Thumb Code    86  _printf_hex_int_ll_ptr.o(.text)
    _printf_int_hex                          0x0800034f   Thumb Code    28  _printf_hex_int_ll_ptr.o(.text)
    _printf_ll_hex                           0x0800036b   Thumb Code    12  _printf_hex_int_ll_ptr.o(.text)
    _printf_hex_ptr                          0x08000377   Thumb Code    18  _printf_hex_int_ll_ptr.o(.text)
    __printf                                 0x0800038d   Thumb Code   388  __printf_flags_ss_wp.o(.text)
    putc                                     0x08000515   Thumb Code     4  putc.o(.text)
    __use_two_region_memory                  0x08000519   Thumb Code     2  heapauxi.o(.text)
    __rt_heap_escrow$2region                 0x0800051b   Thumb Code     2  heapauxi.o(.text)
    __rt_heap_expand$2region                 0x0800051d   Thumb Code     2  heapauxi.o(.text)
    __I$use$semihosting                      0x0800051f   Thumb Code     0  use_no_semi.o(.text)
    __use_no_semihosting_swi                 0x0800051f   Thumb Code     2  use_no_semi.o(.text)
    __read_errno                             0x08000521   Thumb Code    10  _rserrno.o(.text)
    __set_errno                              0x0800052b   Thumb Code    12  _rserrno.o(.text)
    _printf_pre_padding                      0x08000537   Thumb Code    44  _printf_pad.o(.text)
    _printf_post_padding                     0x08000563   Thumb Code    34  _printf_pad.o(.text)
    _printf_truncate_signed                  0x08000585   Thumb Code    18  _printf_truncate.o(.text)
    _printf_truncate_unsigned                0x08000597   Thumb Code    18  _printf_truncate.o(.text)
    _printf_str                              0x080005a9   Thumb Code    82  _printf_str.o(.text)
    _printf_int_common                       0x080005fb   Thumb Code   178  _printf_intcommon.o(.text)
    _printf_int_dec                          0x080006ad   Thumb Code   104  _printf_dec.o(.text)
    _printf_charcount                        0x08000725   Thumb Code    40  _printf_charcount.o(.text)
    _printf_char_common                      0x08000757   Thumb Code    32  _printf_char_common.o(.text)
    _sputc                                   0x0800077d   Thumb Code    10  _sputc.o(.text)
    _printf_char_file                        0x08000789   Thumb Code    32  _printf_char_file.o(.text)
    _printf_wctomb                           0x080007ad   Thumb Code   182  _printf_wctomb.o(.text)
    _printf_longlong_dec                     0x08000869   Thumb Code   108  _printf_longlong_dec.o(.text)
    _printf_longlong_oct                     0x080008e5   Thumb Code    68  _printf_oct_int_ll.o(.text)
    _printf_int_oct                          0x08000929   Thumb Code    24  _printf_oct_int_ll.o(.text)
    _printf_ll_oct                           0x08000941   Thumb Code    12  _printf_oct_int_ll.o(.text)
    __strtod_int                             0x08000991   Thumb Code    88  strtod.o(.text)
    __aeabi_errno_addr                       0x080009f5   Thumb Code     8  rt_errno_addr_intlibspace.o(.text)
    __errno$intlibspace                      0x080009f5   Thumb Code     0  rt_errno_addr_intlibspace.o(.text)
    __rt_errno_addr$intlibspace              0x080009f5   Thumb Code     0  rt_errno_addr_intlibspace.o(.text)
    _ll_udiv10                               0x080009fd   Thumb Code   138  lludiv10.o(.text)
    isspace                                  0x08000a87   Thumb Code    18  isspace.o(.text)
    __lib_sel_fp_printf                      0x08000a99   Thumb Code     2  _printf_fp_dec.o(.text)
    _printf_fp_dec_real                      0x08000c47   Thumb Code   620  _printf_fp_dec.o(.text)
    _printf_cs_common                        0x08000eb3   Thumb Code    20  _printf_char.o(.text)
    _printf_char                             0x08000ec7   Thumb Code    16  _printf_char.o(.text)
    _printf_string                           0x08000ed7   Thumb Code     8  _printf_char.o(.text)
    _printf_lcs_common                       0x08000edf   Thumb Code    20  _printf_wchar.o(.text)
    _printf_wchar                            0x08000ef3   Thumb Code    16  _printf_wchar.o(.text)
    _printf_wstring                          0x08000f03   Thumb Code     8  _printf_wchar.o(.text)
    _sgetc                                   0x08000f0b   Thumb Code    30  _sgetc.o(.text)
    _sbackspace                              0x08000f29   Thumb Code    34  _sgetc.o(.text)
    ferror                                   0x08000f4b   Thumb Code     8  ferror.o(.text)
    _wcrtomb                                 0x08000f53   Thumb Code    64  _wcrtomb.o(.text)
    __user_libspace                          0x08000f95   Thumb Code     8  libspace.o(.text)
    __user_perproc_libspace                  0x08000f95   Thumb Code     0  libspace.o(.text)
    __user_perthread_libspace                0x08000f95   Thumb Code     0  libspace.o(.text)
    __user_setup_stackheap                   0x08000f9d   Thumb Code    74  sys_stackheap_outer.o(.text)
    __rt_ctype_table                         0x08000fe9   Thumb Code    16  rt_ctype_table.o(.text)
    __rt_locale                              0x08000ff9   Thumb Code     8  rt_locale_intlibspace.o(.text)
    _printf_fp_infnan                        0x08001001   Thumb Code   112  _printf_fp_infnan.o(.text)
    _scanf_really_real                       0x0800127d   Thumb Code   668  scanf_fp.o(.text)
    _btod_etento                             0x08001525   Thumb Code   216  bigflt0.o(.text)
    exit                                     0x08001601   Thumb Code    18  exit.o(.text)
    strcmp                                   0x08001615   Thumb Code   128  strcmpv7m.o(.text)
    _scanf_really_hex_real                   0x08001695   Thumb Code   778  scanf_hexfp.o(.text)
    _scanf_really_infnan                     0x080019ad   Thumb Code   292  scanf_infnan.o(.text)
    __aeabi_llsl                             0x08001ae1   Thumb Code     0  llshl.o(.text)
    _ll_shift_l                              0x08001ae1   Thumb Code    38  llshl.o(.text)
    _chval                                   0x08001b07   Thumb Code    28  _chval.o(.text)
    _btod_d2e                                0x08001b23   Thumb Code    62  btod.o(CL$$btod_d2e)
    _d2e_denorm_low                          0x08001b61   Thumb Code    70  btod.o(CL$$btod_d2e_denorm_low)
    _d2e_norm_op1                            0x08001ba7   Thumb Code    96  btod.o(CL$$btod_d2e_norm_op1)
    __btod_div_common                        0x08001c07   Thumb Code   696  btod.o(CL$$btod_div_common)
    _e2d                                     0x08001f41   Thumb Code    80  btod.o(CL$$btod_e2d)
    _e2e                                     0x08001f95   Thumb Code   198  btod.o(CL$$btod_e2e)
    _btod_ediv                               0x0800205b   Thumb Code    40  btod.o(CL$$btod_ediv)
    _btod_edivd                              0x08002083   Thumb Code    40  btod.o(CL$$btod_edivd)
    _btod_emul                               0x080020ab   Thumb Code    40  btod.o(CL$$btod_emul)
    _btod_emuld                              0x080020d3   Thumb Code    40  btod.o(CL$$btod_emuld)
    __btod_mult_common                       0x080020fb   Thumb Code   580  btod.o(CL$$btod_mult_common)
    AT24CXX_Init                             0x0800233f   Thumb Code     8  eeprom.o(i.AT24CXX_Init)
    AT24CXX_Read                             0x08002347   Thumb Code    34  eeprom.o(i.AT24CXX_Read)
    AT24CXX_ReadOneByte                      0x08002369   Thumb Code    88  eeprom.o(i.AT24CXX_ReadOneByte)
    AT24CXX_Write                            0x080023c1   Thumb Code    36  eeprom.o(i.AT24CXX_Write)
    AT24CXX_WriteOneByte                     0x080023e5   Thumb Code    80  eeprom.o(i.AT24CXX_WriteOneByte)
    BusFault_Handler                         0x08002435   Thumb Code     4  stm32f10x_it.o(i.BusFault_Handler)
    DebugMon_Handler                         0x08002439   Thumb Code     2  stm32f10x_it.o(i.DebugMon_Handler)
    FSMC_NORSRAMCmd                          0x0800243d   Thumb Code    46  stm32f10x_fsmc.o(i.FSMC_NORSRAMCmd)
    FSMC_NORSRAMInit                         0x08002471   Thumb Code   230  stm32f10x_fsmc.o(i.FSMC_NORSRAMInit)
    GPIO_Init                                0x08002557   Thumb Code   278  stm32f10x_gpio.o(i.GPIO_Init)
    GPIO_PinRemapConfig                      0x0800266d   Thumb Code   138  stm32f10x_gpio.o(i.GPIO_PinRemapConfig)
    GPIO_ReadInputDataBit                    0x080026fd   Thumb Code    18  stm32f10x_gpio.o(i.GPIO_ReadInputDataBit)
    GPIO_SetBits                             0x0800270f   Thumb Code     4  stm32f10x_gpio.o(i.GPIO_SetBits)
    HardFault_Handler                        0x08002713   Thumb Code     4  stm32f10x_it.o(i.HardFault_Handler)
    IIC_Ack                                  0x08002719   Thumb Code    66  iic.o(i.IIC_Ack)
    IIC_Init                                 0x08002769   Thumb Code    46  iic.o(i.IIC_Init)
    IIC_NAck                                 0x0800279d   Thumb Code    66  iic.o(i.IIC_NAck)
    IIC_Read_Byte                            0x080027ed   Thumb Code    98  iic.o(i.IIC_Read_Byte)
    IIC_Send_Byte                            0x0800285d   Thumb Code    90  iic.o(i.IIC_Send_Byte)
    IIC_Start                                0x080028c5   Thumb Code    64  iic.o(i.IIC_Start)
    IIC_Stop                                 0x08002911   Thumb Code    62  iic.o(i.IIC_Stop)
    IIC_Wait_Ack                             0x0800295d   Thumb Code    86  iic.o(i.IIC_Wait_Ack)
    LCD_Clear                                0x080029c1   Thumb Code   100  lcd.o(i.LCD_Clear)
    LCD_Display_Dir                          0x08002a2d   Thumb Code   444  lcd.o(i.LCD_Display_Dir)
    LCD_DrawLine                             0x08002bed   Thumb Code   176  lcd.o(i.LCD_DrawLine)
    LCD_DrawPoint                            0x08002c9d   Thumb Code    28  lcd.o(i.LCD_DrawPoint)
    LCD_Fast_DrawPoint                       0x08002cc1   Thumb Code   370  lcd.o(i.LCD_Fast_DrawPoint)
    LCD_Fill                                 0x08002e3d   Thumb Code   178  lcd.o(i.LCD_Fill)
    LCD_Init                                 0x08002ef9   Thumb Code 14180  lcd.o(i.LCD_Init)
    LCD_Pow                                  0x08006665   Thumb Code    22  lcd.o(i.LCD_Pow)
    LCD_RD_DATA                              0x0800667d   Thumb Code    14  lcd.o(i.LCD_RD_DATA)
    LCD_ReadReg                              0x08006691   Thumb Code    22  lcd.o(i.LCD_ReadReg)
    LCD_SSD_BackLightSet                     0x080066a9   Thumb Code    80  lcd.o(i.LCD_SSD_BackLightSet)
    LCD_Scan_Dir                             0x080066fd   Thumb Code   744  lcd.o(i.LCD_Scan_Dir)
    LCD_SetCursor                            0x080069e9   Thumb Code   418  lcd.o(i.LCD_SetCursor)
    LCD_Set_Window                           0x08006b91   Thumb Code   528  lcd.o(i.LCD_Set_Window)
    LCD_ShowChar                             0x08006da5   Thumb Code   272  lcd.o(i.LCD_ShowChar)
    LCD_ShowString                           0x08006ecd   Thumb Code   102  lcd.o(i.LCD_ShowString)
    LCD_ShowxNum                             0x08006f33   Thumb Code   190  lcd.o(i.LCD_ShowxNum)
    LCD_WR_DATA                              0x08006ff1   Thumb Code     6  lcd.o(i.LCD_WR_DATA)
    LCD_WR_REG                               0x08006ffd   Thumb Code     6  lcd.o(i.LCD_WR_REG)
    LCD_WriteRAM_Prepare                     0x08007009   Thumb Code    10  lcd.o(i.LCD_WriteRAM_Prepare)
    LCD_WriteReg                             0x0800701d   Thumb Code    10  lcd.o(i.LCD_WriteReg)
    MemManage_Handler                        0x0800702d   Thumb Code     4  stm32f10x_it.o(i.MemManage_Handler)
    NMI_Handler                              0x08007031   Thumb Code     2  stm32f10x_it.o(i.NMI_Handler)
    NVIC_Init                                0x08007035   Thumb Code   100  misc.o(i.NVIC_Init)
    NVIC_PriorityGroupConfig                 0x080070a5   Thumb Code    10  misc.o(i.NVIC_PriorityGroupConfig)
    PendSV_Handler                           0x080070b9   Thumb Code     2  stm32f10x_it.o(i.PendSV_Handler)
    RCC_AHBPeriphClockCmd                    0x080070bd   Thumb Code    26  stm32f10x_rcc.o(i.RCC_AHBPeriphClockCmd)
    RCC_APB1PeriphClockCmd                   0x080070dd   Thumb Code    26  stm32f10x_rcc.o(i.RCC_APB1PeriphClockCmd)
    RCC_APB2PeriphClockCmd                   0x080070fd   Thumb Code    26  stm32f10x_rcc.o(i.RCC_APB2PeriphClockCmd)
    RCC_GetClocksFreq                        0x0800711d   Thumb Code   192  stm32f10x_rcc.o(i.RCC_GetClocksFreq)
    SVC_Handler                              0x080071f1   Thumb Code     2  stm32f10x_it.o(i.SVC_Handler)
    SysTick_CLKSourceConfig                  0x080072dd   Thumb Code    40  misc.o(i.SysTick_CLKSourceConfig)
    SysTick_Handler                          0x08007305   Thumb Code     2  stm32f10x_it.o(i.SysTick_Handler)
    SystemInit                               0x08007309   Thumb Code    78  system_stm32f10x.o(i.SystemInit)
    TIM2_IRQHandler                          0x080075a9   Thumb Code    92  timer.o(i.TIM2_IRQHandler)
    TIM2_init                                0x08007625   Thumb Code    94  timer.o(i.TIM2_init)
    TIM3_IRQHandler                          0x08007685   Thumb Code    22  timer.o(i.TIM3_IRQHandler)
    TIM3_pwm_init                            0x080076a1   Thumb Code   172  timer.o(i.TIM3_pwm_init)
    TIM4_IRQHandler                          0x08007759   Thumb Code   162  timer.o(i.TIM4_IRQHandler)
    TIM4_init                                0x08007815   Thumb Code    92  timer.o(i.TIM4_init)
    TIM5_Cap_Init                            0x08007875   Thumb Code   178  timer.o(i.TIM5_Cap_Init)
    TIM5_IRQHandler                          0x08007931   Thumb Code    22  timer.o(i.TIM5_IRQHandler)
    TIM_ClearFlag                            0x0800794d   Thumb Code     6  stm32f10x_tim.o(i.TIM_ClearFlag)
    TIM_ClearITPendingBit                    0x08007953   Thumb Code     6  stm32f10x_tim.o(i.TIM_ClearITPendingBit)
    TIM_Cmd                                  0x08007959   Thumb Code    24  stm32f10x_tim.o(i.TIM_Cmd)
    TIM_EncoderInterfaceConfig               0x08007971   Thumb Code    66  stm32f10x_tim.o(i.TIM_EncoderInterfaceConfig)
    TIM_GetITStatus                          0x080079b3   Thumb Code    34  stm32f10x_tim.o(i.TIM_GetITStatus)
    TIM_ICInit                               0x080079d5   Thumb Code   150  stm32f10x_tim.o(i.TIM_ICInit)
    TIM_ICStructInit                         0x08007a81   Thumb Code    18  stm32f10x_tim.o(i.TIM_ICStructInit)
    TIM_ITConfig                             0x08007a93   Thumb Code    18  stm32f10x_tim.o(i.TIM_ITConfig)
    TIM_OC2Init                              0x08007aa5   Thumb Code   154  stm32f10x_tim.o(i.TIM_OC2Init)
    TIM_OC2PreloadConfig                     0x08007b49   Thumb Code    26  stm32f10x_tim.o(i.TIM_OC2PreloadConfig)
    TIM_SetCompare2                          0x08007b63   Thumb Code     4  stm32f10x_tim.o(i.TIM_SetCompare2)
    TIM_SetCounter                           0x08007b67   Thumb Code     4  stm32f10x_tim.o(i.TIM_SetCounter)
    TIM_SetIC1Prescaler                      0x08007b6b   Thumb Code    18  stm32f10x_tim.o(i.TIM_SetIC1Prescaler)
    TIM_SetIC2Prescaler                      0x08007b7d   Thumb Code    26  stm32f10x_tim.o(i.TIM_SetIC2Prescaler)
    TIM_SetIC3Prescaler                      0x08007b97   Thumb Code    18  stm32f10x_tim.o(i.TIM_SetIC3Prescaler)
    TIM_SetIC4Prescaler                      0x08007ba9   Thumb Code    26  stm32f10x_tim.o(i.TIM_SetIC4Prescaler)
    TIM_TimeBaseInit                         0x08007bc5   Thumb Code   122  stm32f10x_tim.o(i.TIM_TimeBaseInit)
    USART1_IRQHandler                        0x08007c69   Thumb Code   122  usart.o(i.USART1_IRQHandler)
    USART_Cmd                                0x08007cf1   Thumb Code    24  stm32f10x_usart.o(i.USART_Cmd)
    USART_GetITStatus                        0x08007d09   Thumb Code    84  stm32f10x_usart.o(i.USART_GetITStatus)
    USART_ITConfig                           0x08007d5d   Thumb Code    74  stm32f10x_usart.o(i.USART_ITConfig)
    USART_Init                               0x08007da9   Thumb Code   210  stm32f10x_usart.o(i.USART_Init)
    USART_ReceiveData                        0x08007e81   Thumb Code    10  stm32f10x_usart.o(i.USART_ReceiveData)
    UsageFault_Handler                       0x08007e8b   Thumb Code     4  stm32f10x_it.o(i.UsageFault_Handler)
    __ARM_fpclassify                         0x08007e8f   Thumb Code    40  fpclassify.o(i.__ARM_fpclassify)
    __mathlib_dbl_overflow                   0x08007eb7   Thumb Code    14  dunder.o(i.__mathlib_dbl_overflow)
    __mathlib_dbl_underflow                  0x08007ec5   Thumb Code    10  dunder.o(i.__mathlib_dbl_underflow)
    __mathlib_narrow                         0x08007ed5   Thumb Code    16  narrow.o(i.__mathlib_narrow)
    __mathlib_tofloat                        0x08007ee5   Thumb Code   132  narrow.o(i.__mathlib_tofloat)
    __support_ldexp                          0x08007f6d   Thumb Code    22  ldexp.o(i.__support_ldexp)
    _is_digit                                0x08007f83   Thumb Code    14  __printf_wp.o(i._is_digit)
    _sys_exit                                0x08007f91   Thumb Code     6  usart.o(i._sys_exit)
    angle_jiemian                            0x08007f99   Thumb Code    74  jiemian.o(i.angle_jiemian)
    angle_set                                0x08008001   Thumb Code   422  motor.o(i.angle_set)
    atof                                     0x080081b9   Thumb Code    42  atof.o(i.atof)
    change                                   0x080081e5   Thumb Code    92  motor.o(i.change)
    delay_init                               0x08008265   Thumb Code    50  delay.o(i.delay_init)
    delay_ms                                 0x080082a9   Thumb Code    72  delay.o(i.delay_ms)
    delay_us                                 0x080082f5   Thumb Code    72  delay.o(i.delay_us)
    fputc                                    0x08008341   Thumb Code    24  usart.o(i.fputc)
    frexp                                    0x0800835d   Thumb Code    80  frexp.o(i.frexp)
    key_init                                 0x080083b5   Thumb Code    60  key.o(i.key_init)
    key_scan                                 0x080083f5   Thumb Code   682  key.o(i.key_scan)
    ldexp                                    0x080086bd   Thumb Code   116  ldexp.o(i.ldexp)
    main                                     0x08008731   Thumb Code   110  main.o(i.main)
    motor_angle                              0x080087a5   Thumb Code   136  motor.o(i.motor_angle)
    motor_start                              0x08008841   Thumb Code    46  motor.o(i.motor_start)
    my_printf                                0x08008879   Thumb Code   204  my_printf.o(i.my_printf)
    my_sprintf                               0x08008949   Thumb Code    34  my_printf.o(i.my_sprintf)
    pid_init                                 0x0800896d   Thumb Code    12  pid.o(i.pid_init)
    pid_jiemian                              0x0800897d   Thumb Code   420  jiemian.o(i.pid_jiemian)
    pid_realize                              0x08008b79   Thumb Code   212  pid.o(i.pid_realize)
    pid_set                                  0x08008c61   Thumb Code  3620  motor.o(i.pid_set)
    printch                                  0x08009ab5   Thumb Code    14  my_printf.o(i.printch)
    printfloat                               0x08009ac9   Thumb Code    98  my_printf.o(i.printfloat)
    printint                                 0x08009b35   Thumb Code    46  my_printf.o(i.printint)
    printstr                                 0x08009b69   Thumb Code    24  my_printf.o(i.printstr)
    uart_init                                0x08009b85   Thumb Code   152  usart.o(i.uart_init)
    zhujiemian                               0x08009c25   Thumb Code   136  jiemian.o(i.zhujiemian)
    _get_lc_numeric                          0x08009cc9   Thumb Code    44  lc_numeric_c.o(locale$$code)
    _get_lc_ctype                            0x08009cf5   Thumb Code    44  lc_ctype_c.o(locale$$code)
    __aeabi_d2f                              0x08009d21   Thumb Code     0  d2f.o(x$fpl$d2f)
    _d2f                                     0x08009d21   Thumb Code    98  d2f.o(x$fpl$d2f)
    __aeabi_dadd                             0x08009d85   Thumb Code     0  daddsub_clz.o(x$fpl$dadd)
    _dadd                                    0x08009d85   Thumb Code   332  daddsub_clz.o(x$fpl$dadd)
    __fpl_dcheck_NaN1                        0x08009ed5   Thumb Code    10  dcheck1.o(x$fpl$dcheck1)
    __fpl_dcmp_Inf                           0x08009ee5   Thumb Code    24  dcmpi.o(x$fpl$dcmpinf)
    __aeabi_cdcmpeq                          0x08009efd   Thumb Code     0  deqf.o(x$fpl$deqf)
    _dcmpeq                                  0x08009efd   Thumb Code   120  deqf.o(x$fpl$deqf)
    __aeabi_d2uiz                            0x08009f75   Thumb Code     0  dfixu.o(x$fpl$dfixu)
    _dfixu                                   0x08009f75   Thumb Code    90  dfixu.o(x$fpl$dfixu)
    __aeabi_ui2d                             0x08009fcf   Thumb Code     0  dflt_clz.o(x$fpl$dfltu)
    _dfltu                                   0x08009fcf   Thumb Code    38  dflt_clz.o(x$fpl$dfltu)
    __aeabi_cdcmple                          0x08009ff5   Thumb Code     0  dleqf.o(x$fpl$dleqf)
    _dcmple                                  0x08009ff5   Thumb Code   120  dleqf.o(x$fpl$dleqf)
    __fpl_dcmple_InfNaN                      0x0800a057   Thumb Code     0  dleqf.o(x$fpl$dleqf)
    __aeabi_dmul                             0x0800a06d   Thumb Code     0  dmul.o(x$fpl$dmul)
    _dmul                                    0x0800a06d   Thumb Code   332  dmul.o(x$fpl$dmul)
    __fpl_dnaninf                            0x0800a1c1   Thumb Code   156  dnaninf.o(x$fpl$dnaninf)
    __fpl_dretinf                            0x0800a25d   Thumb Code    12  dretinf.o(x$fpl$dretinf)
    __aeabi_cdrcmple                         0x0800a269   Thumb Code     0  drleqf.o(x$fpl$drleqf)
    _drcmple                                 0x0800a269   Thumb Code   108  drleqf.o(x$fpl$drleqf)
    __aeabi_dsub                             0x0800a2d5   Thumb Code     0  daddsub_clz.o(x$fpl$dsub)
    _dsub                                    0x0800a2d5   Thumb Code   464  daddsub_clz.o(x$fpl$dsub)
    __aeabi_f2d                              0x0800a4a9   Thumb Code     0  f2d.o(x$fpl$f2d)
    _f2d                                     0x0800a4a9   Thumb Code    86  f2d.o(x$fpl$f2d)
    __aeabi_fadd                             0x0800a501   Thumb Code     0  faddsub_clz.o(x$fpl$fadd)
    _fadd                                    0x0800a501   Thumb Code   196  faddsub_clz.o(x$fpl$fadd)
    __aeabi_fdiv                             0x0800a5c5   Thumb Code     0  fdiv.o(x$fpl$fdiv)
    _fdiv                                    0x0800a5c5   Thumb Code   384  fdiv.o(x$fpl$fdiv)
    __aeabi_f2iz                             0x0800a749   Thumb Code     0  ffix.o(x$fpl$ffix)
    _ffix                                    0x0800a749   Thumb Code    54  ffix.o(x$fpl$ffix)
    __aeabi_f2uiz                            0x0800a781   Thumb Code     0  ffixu.o(x$fpl$ffixu)
    _ffixu                                   0x0800a781   Thumb Code    62  ffixu.o(x$fpl$ffixu)
    __aeabi_i2f                              0x0800a7c1   Thumb Code     0  fflt_clz.o(x$fpl$fflt)
    _fflt                                    0x0800a7c1   Thumb Code    48  fflt_clz.o(x$fpl$fflt)
    __aeabi_fmul                             0x0800a7f1   Thumb Code     0  fmul.o(x$fpl$fmul)
    _fmul                                    0x0800a7f1   Thumb Code   258  fmul.o(x$fpl$fmul)
    __fpl_fnaninf                            0x0800a8f3   Thumb Code   140  fnaninf.o(x$fpl$fnaninf)
    __fpl_fretinf                            0x0800a97f   Thumb Code    10  fretinf.o(x$fpl$fretinf)
    __aeabi_frsub                            0x0800a989   Thumb Code     0  faddsub_clz.o(x$fpl$frsb)
    _frsb                                    0x0800a989   Thumb Code    20  faddsub_clz.o(x$fpl$frsb)
    __aeabi_fsub                             0x0800a99d   Thumb Code     0  faddsub_clz.o(x$fpl$fsub)
    _fsub                                    0x0800a99d   Thumb Code   234  faddsub_clz.o(x$fpl$fsub)
    _printf_fp_dec                           0x0800aa87   Thumb Code     4  printf1.o(x$fpl$printf1)
    __fpl_return_NaN                         0x0800aa8b   Thumb Code   100  retnan.o(x$fpl$retnan)
    __ARM_scalbn                             0x0800aaef   Thumb Code    92  scalbn.o(x$fpl$scalbn)
    _scanf_real                              0x0800ab4b   Thumb Code     4  scanf1.o(x$fpl$scanf1)
    _scanf_hex_real                          0x0800ab4f   Thumb Code     4  scanf2.o(x$fpl$scanf2)
    _scanf_infnan                            0x0800ab53   Thumb Code     4  scanf2.o(x$fpl$scanf2)
    __fpl_cmpreturn                          0x0800ab57   Thumb Code    48  trapv.o(x$fpl$trapveneer)
    __I$use$fp                               0x0800ab86   Number         0  usenofp.o(x$fpl$usenofp)
    asc2_1206                                0x0800ab86   Data        1140  lcd.o(.constdata)
    asc2_1608                                0x0800affa   Data        1520  lcd.o(.constdata)
    asc2_2412                                0x0800b5ea   Data        3420  lcd.o(.constdata)
    Region$$Table$$Base                      0x0800c41c   Number         0  anon$$obj.o(Region$$Table)
    Region$$Table$$Limit                     0x0800c43c   Number         0  anon$$obj.o(Region$$Table)
    __aeabi_HUGE_VAL                         0x0800c43c   Data           0  fpconst.o(c$$dinf)
    __aeabi_HUGE_VALL                        0x0800c43c   Data           0  fpconst.o(c$$dinf)
    __aeabi_INFINITY                         0x0800c43c   Data           0  fpconst.o(c$$dinf)
    __dInf                                   0x0800c43c   Data           0  fpconst.o(c$$dinf)
    __huge_val                               0x0800c43c   Data           0  fpconst.o(c$$dinf)
    __ctype                                  0x0800c46d   Data           0  lc_ctype_c.o(locale$$data)
    key                                      0x20000000   Data           1  main.o(.data)
    SystemCoreClock                          0x20000004   Data           4  system_stm32f10x.o(.data)
    AHBPrescTable                            0x20000008   Data          16  system_stm32f10x.o(.data)
    __stdout                                 0x2000001c   Data           4  usart.o(.data)
    USART_RX_STA                             0x20000020   Data           2  usart.o(.data)
    cnt                                      0x2000003c   Data           4  timer.o(.data)
    time                                     0x20000040   Data           4  timer.o(.data)
    TIM5CH_Cap_Sta                           0x20000044   Data           1  timer.o(.data)
    REAL_SPEED                               0x20000048   Data           4  timer.o(.data)
    P                                        0x20000054   Data          20  motor.o(.data)
    I                                        0x20000068   Data          20  motor.o(.data)
    D                                        0x2000007c   Data          20  motor.o(.data)
    V                                        0x20000090   Data          20  motor.o(.data)
    PWM                                      0x200000a4   Data           4  motor.o(.data)
    ANGLE                                    0x200000a8   Data           2  motor.o(.data)
    SPEED                                    0x200000ac   Data           4  motor.o(.data)
    KP                                       0x200000b0   Data           4  pid.o(.data)
    KI                                       0x200000b4   Data           4  pid.o(.data)
    KD                                       0x200000b8   Data           4  pid.o(.data)
    POINT_COLOR                              0x200000bc   Data           2  lcd.o(.data)
    BACK_COLOR                               0x200000be   Data           2  lcd.o(.data)
    USART_RX_BUF                             0x200000c0   Data         200  usart.o(.bss)
    pid                                      0x20000188   Data          40  pid.o(.bss)
    lcddev                                   0x200001b0   Data          14  lcd.o(.bss)
    __libspace_start                         0x200001c0   Data          96  libspace.o(.bss)
    __temporary_stack_top$libspace           0x20000220   Data           0  libspace.o(.bss)



==============================================================================

Memory Map of the image

  Image Entry point : 0x08000279

  Load Region LR_1 (Base: 0x08000000, Size: 0x0000c630, Max: 0xffffffff, ABSOLUTE)

    Execution Region ER_RO (Base: 0x08000000, Size: 0x0000c570, Max: 0xffffffff, ABSOLUTE)

    Base Addr    Size         Type   Attr      Idx    E Section Name        Object

    0x08000000   0x00000130   Data   RO          381    RESET               startup_stm32f10x_hd.o
    0x08000130   0x00000008   Code   RO         3962  * !!!main             c_w.l(__main.o)
    0x08000138   0x00000034   Code   RO         4384    !!!scatter          c_w.l(__scatter.o)
    0x0800016c   0x0000001a   Code   RO         4386    !!handler_copy      c_w.l(__scatter_copy.o)
    0x08000186   0x00000002   PAD
    0x08000188   0x0000001c   Code   RO         4388    !!handler_zi        c_w.l(__scatter_zi.o)
    0x080001a4   0x00000000   Code   RO         3957    .ARM.Collect$$_printf_percent$$00000000  c_w.l(_printf_percent.o)
    0x080001a4   0x00000006   Code   RO         4052    .ARM.Collect$$_printf_percent$$00000001  c_w.l(_printf_n.o)
    0x080001aa   0x00000006   Code   RO         4053    .ARM.Collect$$_printf_percent$$00000002  c_w.l(_printf_p.o)
    0x080001b0   0x00000006   Code   RO         4058    .ARM.Collect$$_printf_percent$$00000003  c_w.l(_printf_f.o)
    0x080001b6   0x00000006   Code   RO         4059    .ARM.Collect$$_printf_percent$$00000004  c_w.l(_printf_e.o)
    0x080001bc   0x00000006   Code   RO         4060    .ARM.Collect$$_printf_percent$$00000005  c_w.l(_printf_g.o)
    0x080001c2   0x00000006   Code   RO         4061    .ARM.Collect$$_printf_percent$$00000006  c_w.l(_printf_a.o)
    0x080001c8   0x0000000a   Code   RO         4066    .ARM.Collect$$_printf_percent$$00000007  c_w.l(_printf_ll.o)
    0x080001d2   0x00000006   Code   RO         4055    .ARM.Collect$$_printf_percent$$00000008  c_w.l(_printf_i.o)
    0x080001d8   0x00000006   Code   RO         4056    .ARM.Collect$$_printf_percent$$00000009  c_w.l(_printf_d.o)
    0x080001de   0x00000006   Code   RO         4057    .ARM.Collect$$_printf_percent$$0000000A  c_w.l(_printf_u.o)
    0x080001e4   0x00000006   Code   RO         4054    .ARM.Collect$$_printf_percent$$0000000B  c_w.l(_printf_o.o)
    0x080001ea   0x00000006   Code   RO         3956    .ARM.Collect$$_printf_percent$$0000000C  c_w.l(_printf_x.o)
    0x080001f0   0x00000006   Code   RO         4063    .ARM.Collect$$_printf_percent$$0000000D  c_w.l(_printf_lli.o)
    0x080001f6   0x00000006   Code   RO         4064    .ARM.Collect$$_printf_percent$$0000000E  c_w.l(_printf_lld.o)
    0x080001fc   0x00000006   Code   RO         4065    .ARM.Collect$$_printf_percent$$0000000F  c_w.l(_printf_llu.o)
    0x08000202   0x00000006   Code   RO         4070    .ARM.Collect$$_printf_percent$$00000010  c_w.l(_printf_llo.o)
    0x08000208   0x00000006   Code   RO         4071    .ARM.Collect$$_printf_percent$$00000011  c_w.l(_printf_llx.o)
    0x0800020e   0x0000000a   Code   RO         4067    .ARM.Collect$$_printf_percent$$00000012  c_w.l(_printf_l.o)
    0x08000218   0x00000006   Code   RO         4050    .ARM.Collect$$_printf_percent$$00000013  c_w.l(_printf_c.o)
    0x0800021e   0x00000006   Code   RO         4051    .ARM.Collect$$_printf_percent$$00000014  c_w.l(_printf_s.o)
    0x08000224   0x00000006   Code   RO         4068    .ARM.Collect$$_printf_percent$$00000015  c_w.l(_printf_lc.o)
    0x0800022a   0x00000006   Code   RO         4069    .ARM.Collect$$_printf_percent$$00000016  c_w.l(_printf_ls.o)
    0x08000230   0x00000004   Code   RO         4062    .ARM.Collect$$_printf_percent$$00000017  c_w.l(_printf_percent_end.o)
    0x08000234   0x00000002   Code   RO         4180    .ARM.Collect$$libinit$$00000000  c_w.l(libinit.o)
    0x08000236   0x00000000   Code   RO         4182    .ARM.Collect$$libinit$$00000002  c_w.l(libinit2.o)
    0x08000236   0x00000000   Code   RO         4184    .ARM.Collect$$libinit$$00000004  c_w.l(libinit2.o)
    0x08000236   0x00000000   Code   RO         4187    .ARM.Collect$$libinit$$0000000A  c_w.l(libinit2.o)
    0x08000236   0x00000000   Code   RO         4189    .ARM.Collect$$libinit$$0000000C  c_w.l(libinit2.o)
    0x08000236   0x00000000   Code   RO         4191    .ARM.Collect$$libinit$$0000000E  c_w.l(libinit2.o)
    0x08000236   0x00000006   Code   RO         4192    .ARM.Collect$$libinit$$0000000F  c_w.l(libinit2.o)
    0x0800023c   0x00000000   Code   RO         4194    .ARM.Collect$$libinit$$00000011  c_w.l(libinit2.o)
    0x0800023c   0x0000000c   Code   RO         4195    .ARM.Collect$$libinit$$00000012  c_w.l(libinit2.o)
    0x08000248   0x00000000   Code   RO         4196    .ARM.Collect$$libinit$$00000013  c_w.l(libinit2.o)
    0x08000248   0x00000000   Code   RO         4198    .ARM.Collect$$libinit$$00000015  c_w.l(libinit2.o)
    0x08000248   0x0000000a   Code   RO         4199    .ARM.Collect$$libinit$$00000016  c_w.l(libinit2.o)
    0x08000252   0x00000000   Code   RO         4200    .ARM.Collect$$libinit$$00000017  c_w.l(libinit2.o)
    0x08000252   0x00000000   Code   RO         4202    .ARM.Collect$$libinit$$00000019  c_w.l(libinit2.o)
    0x08000252   0x00000000   Code   RO         4204    .ARM.Collect$$libinit$$0000001B  c_w.l(libinit2.o)
    0x08000252   0x00000000   Code   RO         4206    .ARM.Collect$$libinit$$0000001D  c_w.l(libinit2.o)
    0x08000252   0x00000000   Code   RO         4208    .ARM.Collect$$libinit$$0000001F  c_w.l(libinit2.o)
    0x08000252   0x00000000   Code   RO         4210    .ARM.Collect$$libinit$$00000021  c_w.l(libinit2.o)
    0x08000252   0x00000000   Code   RO         4212    .ARM.Collect$$libinit$$00000023  c_w.l(libinit2.o)
    0x08000252   0x00000000   Code   RO         4214    .ARM.Collect$$libinit$$00000025  c_w.l(libinit2.o)
    0x08000252   0x00000000   Code   RO         4218    .ARM.Collect$$libinit$$0000002C  c_w.l(libinit2.o)
    0x08000252   0x00000000   Code   RO         4220    .ARM.Collect$$libinit$$0000002E  c_w.l(libinit2.o)
    0x08000252   0x00000000   Code   RO         4222    .ARM.Collect$$libinit$$00000030  c_w.l(libinit2.o)
    0x08000252   0x00000000   Code   RO         4224    .ARM.Collect$$libinit$$00000032  c_w.l(libinit2.o)
    0x08000252   0x00000002   Code   RO         4225    .ARM.Collect$$libinit$$00000033  c_w.l(libinit2.o)
    0x08000254   0x00000002   Code   RO         4291    .ARM.Collect$$libshutdown$$00000000  c_w.l(libshutdown.o)
    0x08000256   0x00000000   Code   RO         4318    .ARM.Collect$$libshutdown$$00000002  c_w.l(libshutdown2.o)
    0x08000256   0x00000000   Code   RO         4320    .ARM.Collect$$libshutdown$$00000004  c_w.l(libshutdown2.o)
    0x08000256   0x00000000   Code   RO         4323    .ARM.Collect$$libshutdown$$00000007  c_w.l(libshutdown2.o)
    0x08000256   0x00000000   Code   RO         4326    .ARM.Collect$$libshutdown$$0000000A  c_w.l(libshutdown2.o)
    0x08000256   0x00000000   Code   RO         4328    .ARM.Collect$$libshutdown$$0000000C  c_w.l(libshutdown2.o)
    0x08000256   0x00000000   Code   RO         4331    .ARM.Collect$$libshutdown$$0000000F  c_w.l(libshutdown2.o)
    0x08000256   0x00000002   Code   RO         4332    .ARM.Collect$$libshutdown$$00000010  c_w.l(libshutdown2.o)
    0x08000258   0x00000000   Code   RO         4018    .ARM.Collect$$rtentry$$00000000  c_w.l(__rtentry.o)
    0x08000258   0x00000000   Code   RO         4086    .ARM.Collect$$rtentry$$00000002  c_w.l(__rtentry2.o)
    0x08000258   0x00000006   Code   RO         4098    .ARM.Collect$$rtentry$$00000004  c_w.l(__rtentry4.o)
    0x0800025e   0x00000000   Code   RO         4088    .ARM.Collect$$rtentry$$00000009  c_w.l(__rtentry2.o)
    0x0800025e   0x00000004   Code   RO         4089    .ARM.Collect$$rtentry$$0000000A  c_w.l(__rtentry2.o)
    0x08000262   0x00000000   Code   RO         4091    .ARM.Collect$$rtentry$$0000000C  c_w.l(__rtentry2.o)
    0x08000262   0x00000008   Code   RO         4092    .ARM.Collect$$rtentry$$0000000D  c_w.l(__rtentry2.o)
    0x0800026a   0x00000002   Code   RO         4230    .ARM.Collect$$rtexit$$00000000  c_w.l(rtexit.o)
    0x0800026c   0x00000000   Code   RO         4255    .ARM.Collect$$rtexit$$00000002  c_w.l(rtexit2.o)
    0x0800026c   0x00000004   Code   RO         4256    .ARM.Collect$$rtexit$$00000003  c_w.l(rtexit2.o)
    0x08000270   0x00000006   Code   RO         4257    .ARM.Collect$$rtexit$$00000004  c_w.l(rtexit2.o)
    0x08000276   0x00000002   PAD
    0x08000278   0x00000040   Code   RO          382  * .text               startup_stm32f10x_hd.o
    0x080002b8   0x00000002   Code   RO         3905    .text               c_w.l(use_no_semi_2.o)
    0x080002ba   0x00000002   PAD
    0x080002bc   0x00000024   Code   RO         3907    .text               c_w.l(c89vsprintf.o)
    0x080002e0   0x00000018   Code   RO         3909    .text               c_w.l(__2printf.o)
    0x080002f8   0x00000094   Code   RO         3933    .text               c_w.l(_printf_hex_int_ll_ptr.o)
    0x0800038c   0x00000188   Code   RO         3953    .text               c_w.l(__printf_flags_ss_wp.o)
    0x08000514   0x00000004   Code   RO         3958    .text               c_w.l(putc.o)
    0x08000518   0x00000006   Code   RO         3960    .text               c_w.l(heapauxi.o)
    0x0800051e   0x00000002   Code   RO         4016    .text               c_w.l(use_no_semi.o)
    0x08000520   0x00000016   Code   RO         4019    .text               c_w.l(_rserrno.o)
    0x08000536   0x0000004e   Code   RO         4021    .text               c_w.l(_printf_pad.o)
    0x08000584   0x00000024   Code   RO         4023    .text               c_w.l(_printf_truncate.o)
    0x080005a8   0x00000052   Code   RO         4025    .text               c_w.l(_printf_str.o)
    0x080005fa   0x000000b2   Code   RO         4027    .text               c_w.l(_printf_intcommon.o)
    0x080006ac   0x00000078   Code   RO         4029    .text               c_w.l(_printf_dec.o)
    0x08000724   0x00000028   Code   RO         4031    .text               c_w.l(_printf_charcount.o)
    0x0800074c   0x00000030   Code   RO         4033    .text               c_w.l(_printf_char_common.o)
    0x0800077c   0x0000000a   Code   RO         4035    .text               c_w.l(_sputc.o)
    0x08000786   0x00000002   PAD
    0x08000788   0x00000024   Code   RO         4037    .text               c_w.l(_printf_char_file.o)
    0x080007ac   0x000000bc   Code   RO         4039    .text               c_w.l(_printf_wctomb.o)
    0x08000868   0x0000007c   Code   RO         4042    .text               c_w.l(_printf_longlong_dec.o)
    0x080008e4   0x00000070   Code   RO         4048    .text               c_w.l(_printf_oct_int_ll.o)
    0x08000954   0x000000a0   Code   RO         4072    .text               c_w.l(strtod.o)
    0x080009f4   0x00000008   Code   RO         4103    .text               c_w.l(rt_errno_addr_intlibspace.o)
    0x080009fc   0x0000008a   Code   RO         4105    .text               c_w.l(lludiv10.o)
    0x08000a86   0x00000012   Code   RO         4107    .text               c_w.l(isspace.o)
    0x08000a98   0x0000041a   Code   RO         4109    .text               c_w.l(_printf_fp_dec.o)
    0x08000eb2   0x0000002c   Code   RO         4113    .text               c_w.l(_printf_char.o)
    0x08000ede   0x0000002c   Code   RO         4115    .text               c_w.l(_printf_wchar.o)
    0x08000f0a   0x00000040   Code   RO         4117    .text               c_w.l(_sgetc.o)
    0x08000f4a   0x00000008   Code   RO         4119    .text               c_w.l(ferror.o)
    0x08000f52   0x00000040   Code   RO         4123    .text               c_w.l(_wcrtomb.o)
    0x08000f92   0x00000002   PAD
    0x08000f94   0x00000008   Code   RO         4130    .text               c_w.l(libspace.o)
    0x08000f9c   0x0000004a   Code   RO         4133    .text               c_w.l(sys_stackheap_outer.o)
    0x08000fe6   0x00000002   PAD
    0x08000fe8   0x00000010   Code   RO         4135    .text               c_w.l(rt_ctype_table.o)
    0x08000ff8   0x00000008   Code   RO         4140    .text               c_w.l(rt_locale_intlibspace.o)
    0x08001000   0x00000080   Code   RO         4142    .text               c_w.l(_printf_fp_infnan.o)
    0x08001080   0x000004a4   Code   RO         4144    .text               c_w.l(scanf_fp.o)
    0x08001524   0x000000dc   Code   RO         4146    .text               c_w.l(bigflt0.o)
    0x08001600   0x00000012   Code   RO         4171    .text               c_w.l(exit.o)
    0x08001612   0x00000002   PAD
    0x08001614   0x00000080   Code   RO         4173    .text               c_w.l(strcmpv7m.o)
    0x08001694   0x00000318   Code   RO         4261    .text               c_w.l(scanf_hexfp.o)
    0x080019ac   0x00000134   Code   RO         4263    .text               c_w.l(scanf_infnan.o)
    0x08001ae0   0x00000026   Code   RO         4281    .text               c_w.l(llshl.o)
    0x08001b06   0x0000001c   Code   RO         4283    .text               c_w.l(_chval.o)
    0x08001b22   0x0000003e   Code   RO         4149    CL$$btod_d2e        c_w.l(btod.o)
    0x08001b60   0x00000046   Code   RO         4151    CL$$btod_d2e_denorm_low  c_w.l(btod.o)
    0x08001ba6   0x00000060   Code   RO         4150    CL$$btod_d2e_norm_op1  c_w.l(btod.o)
    0x08001c06   0x00000338   Code   RO         4159    CL$$btod_div_common  c_w.l(btod.o)
    0x08001f3e   0x00000002   PAD
    0x08001f40   0x00000054   Code   RO         4157    CL$$btod_e2d        c_w.l(btod.o)
    0x08001f94   0x000000c6   Code   RO         4156    CL$$btod_e2e        c_w.l(btod.o)
    0x0800205a   0x00000028   Code   RO         4153    CL$$btod_ediv       c_w.l(btod.o)
    0x08002082   0x00000028   Code   RO         4155    CL$$btod_edivd      c_w.l(btod.o)
    0x080020aa   0x00000028   Code   RO         4152    CL$$btod_emul       c_w.l(btod.o)
    0x080020d2   0x00000028   Code   RO         4154    CL$$btod_emuld      c_w.l(btod.o)
    0x080020fa   0x00000244   Code   RO         4158    CL$$btod_mult_common  c_w.l(btod.o)
    0x0800233e   0x00000008   Code   RO         3387    i.AT24CXX_Init      eeprom.o
    0x08002346   0x00000022   Code   RO         3388    i.AT24CXX_Read      eeprom.o
    0x08002368   0x00000058   Code   RO         3390    i.AT24CXX_ReadOneByte  eeprom.o
    0x080023c0   0x00000024   Code   RO         3391    i.AT24CXX_Write     eeprom.o
    0x080023e4   0x00000050   Code   RO         3393    i.AT24CXX_WriteOneByte  eeprom.o
    0x08002434   0x00000004   Code   RO          150    i.BusFault_Handler  stm32f10x_it.o
    0x08002438   0x00000002   Code   RO          151    i.DebugMon_Handler  stm32f10x_it.o
    0x0800243a   0x00000002   PAD
    0x0800243c   0x00000034   Code   RO         1422    i.FSMC_NORSRAMCmd   stm32f10x_fsmc.o
    0x08002470   0x000000e6   Code   RO         1424    i.FSMC_NORSRAMInit  stm32f10x_fsmc.o
    0x08002556   0x00000116   Code   RO         1537    i.GPIO_Init         stm32f10x_gpio.o
    0x0800266c   0x00000090   Code   RO         1539    i.GPIO_PinRemapConfig  stm32f10x_gpio.o
    0x080026fc   0x00000012   Code   RO         1541    i.GPIO_ReadInputDataBit  stm32f10x_gpio.o
    0x0800270e   0x00000004   Code   RO         1545    i.GPIO_SetBits      stm32f10x_gpio.o
    0x08002712   0x00000004   Code   RO          152    i.HardFault_Handler  stm32f10x_it.o
    0x08002716   0x00000002   PAD
    0x08002718   0x00000050   Code   RO         3440    i.IIC_Ack           iic.o
    0x08002768   0x00000034   Code   RO         3441    i.IIC_Init          iic.o
    0x0800279c   0x00000050   Code   RO         3442    i.IIC_NAck          iic.o
    0x080027ec   0x00000070   Code   RO         3443    i.IIC_Read_Byte     iic.o
    0x0800285c   0x00000068   Code   RO         3444    i.IIC_Send_Byte     iic.o
    0x080028c4   0x0000004c   Code   RO         3445    i.IIC_Start         iic.o
    0x08002910   0x0000004c   Code   RO         3446    i.IIC_Stop          iic.o
    0x0800295c   0x00000064   Code   RO         3447    i.IIC_Wait_Ack      iic.o
    0x080029c0   0x0000006c   Code   RO         3673    i.LCD_Clear         lcd.o
    0x08002a2c   0x000001c0   Code   RO         3677    i.LCD_Display_Dir   lcd.o
    0x08002bec   0x000000b0   Code   RO         3678    i.LCD_DrawLine      lcd.o
    0x08002c9c   0x00000024   Code   RO         3679    i.LCD_DrawPoint     lcd.o
    0x08002cc0   0x0000017c   Code   RO         3682    i.LCD_Fast_DrawPoint  lcd.o
    0x08002e3c   0x000000bc   Code   RO         3683    i.LCD_Fill          lcd.o
    0x08002ef8   0x0000376c   Code   RO         3684    i.LCD_Init          lcd.o
    0x08006664   0x00000016   Code   RO         3685    i.LCD_Pow           lcd.o
    0x0800667a   0x00000002   PAD
    0x0800667c   0x00000014   Code   RO         3686    i.LCD_RD_DATA       lcd.o
    0x08006690   0x00000016   Code   RO         3688    i.LCD_ReadReg       lcd.o
    0x080066a6   0x00000002   PAD
    0x080066a8   0x00000054   Code   RO         3689    i.LCD_SSD_BackLightSet  lcd.o
    0x080066fc   0x000002ec   Code   RO         3690    i.LCD_Scan_Dir      lcd.o
    0x080069e8   0x000001a8   Code   RO         3691    i.LCD_SetCursor     lcd.o
    0x08006b90   0x00000214   Code   RO         3692    i.LCD_Set_Window    lcd.o
    0x08006da4   0x00000128   Code   RO         3693    i.LCD_ShowChar      lcd.o
    0x08006ecc   0x00000066   Code   RO         3695    i.LCD_ShowString    lcd.o
    0x08006f32   0x000000be   Code   RO         3696    i.LCD_ShowxNum      lcd.o
    0x08006ff0   0x0000000c   Code   RO         3697    i.LCD_WR_DATA       lcd.o
    0x08006ffc   0x0000000c   Code   RO         3698    i.LCD_WR_REG        lcd.o
    0x08007008   0x00000014   Code   RO         3700    i.LCD_WriteRAM_Prepare  lcd.o
    0x0800701c   0x00000010   Code   RO         3701    i.LCD_WriteReg      lcd.o
    0x0800702c   0x00000004   Code   RO          153    i.MemManage_Handler  stm32f10x_it.o
    0x08007030   0x00000002   Code   RO          154    i.NMI_Handler       stm32f10x_it.o
    0x08007032   0x00000002   PAD
    0x08007034   0x00000070   Code   RO          386    i.NVIC_Init         misc.o
    0x080070a4   0x00000014   Code   RO          387    i.NVIC_PriorityGroupConfig  misc.o
    0x080070b8   0x00000002   Code   RO          155    i.PendSV_Handler    stm32f10x_it.o
    0x080070ba   0x00000002   PAD
    0x080070bc   0x00000020   Code   RO         1952    i.RCC_AHBPeriphClockCmd  stm32f10x_rcc.o
    0x080070dc   0x00000020   Code   RO         1953    i.RCC_APB1PeriphClockCmd  stm32f10x_rcc.o
    0x080070fc   0x00000020   Code   RO         1955    i.RCC_APB2PeriphClockCmd  stm32f10x_rcc.o
    0x0800711c   0x000000d4   Code   RO         1963    i.RCC_GetClocksFreq  stm32f10x_rcc.o
    0x080071f0   0x00000002   Code   RO          156    i.SVC_Handler       stm32f10x_it.o
    0x080071f2   0x00000008   Code   RO          213    i.SetSysClock       system_stm32f10x.o
    0x080071fa   0x00000002   PAD
    0x080071fc   0x000000e0   Code   RO          214    i.SetSysClockTo72   system_stm32f10x.o
    0x080072dc   0x00000028   Code   RO          390    i.SysTick_CLKSourceConfig  misc.o
    0x08007304   0x00000002   Code   RO          157    i.SysTick_Handler   stm32f10x_it.o
    0x08007306   0x00000002   PAD
    0x08007308   0x00000060   Code   RO          216    i.SystemInit        system_stm32f10x.o
    0x08007368   0x00000080   Code   RO         2571    i.TI1_Config        stm32f10x_tim.o
    0x080073e8   0x00000098   Code   RO         2572    i.TI2_Config        stm32f10x_tim.o
    0x08007480   0x00000090   Code   RO         2573    i.TI3_Config        stm32f10x_tim.o
    0x08007510   0x00000098   Code   RO         2574    i.TI4_Config        stm32f10x_tim.o
    0x080075a8   0x0000007c   Code   RO         3494    i.TIM2_IRQHandler   timer.o
    0x08007624   0x0000005e   Code   RO         3495    i.TIM2_init         timer.o
    0x08007682   0x00000002   PAD
    0x08007684   0x0000001c   Code   RO         3496    i.TIM3_IRQHandler   timer.o
    0x080076a0   0x000000b8   Code   RO         3497    i.TIM3_pwm_init     timer.o
    0x08007758   0x000000bc   Code   RO         3498    i.TIM4_IRQHandler   timer.o
    0x08007814   0x00000060   Code   RO         3499    i.TIM4_init         timer.o
    0x08007874   0x000000bc   Code   RO         3500    i.TIM5_Cap_Init     timer.o
    0x08007930   0x0000001c   Code   RO         3501    i.TIM5_IRQHandler   timer.o
    0x0800794c   0x00000006   Code   RO         2581    i.TIM_ClearFlag     stm32f10x_tim.o
    0x08007952   0x00000006   Code   RO         2582    i.TIM_ClearITPendingBit  stm32f10x_tim.o
    0x08007958   0x00000018   Code   RO         2587    i.TIM_Cmd           stm32f10x_tim.o
    0x08007970   0x00000042   Code   RO         2596    i.TIM_EncoderInterfaceConfig  stm32f10x_tim.o
    0x080079b2   0x00000022   Code   RO         2608    i.TIM_GetITStatus   stm32f10x_tim.o
    0x080079d4   0x000000ac   Code   RO         2610    i.TIM_ICInit        stm32f10x_tim.o
    0x08007a80   0x00000012   Code   RO         2611    i.TIM_ICStructInit  stm32f10x_tim.o
    0x08007a92   0x00000012   Code   RO         2612    i.TIM_ITConfig      stm32f10x_tim.o
    0x08007aa4   0x000000a4   Code   RO         2621    i.TIM_OC2Init       stm32f10x_tim.o
    0x08007b48   0x0000001a   Code   RO         2624    i.TIM_OC2PreloadConfig  stm32f10x_tim.o
    0x08007b62   0x00000004   Code   RO         2649    i.TIM_SetCompare2   stm32f10x_tim.o
    0x08007b66   0x00000004   Code   RO         2652    i.TIM_SetCounter    stm32f10x_tim.o
    0x08007b6a   0x00000012   Code   RO         2653    i.TIM_SetIC1Prescaler  stm32f10x_tim.o
    0x08007b7c   0x0000001a   Code   RO         2654    i.TIM_SetIC2Prescaler  stm32f10x_tim.o
    0x08007b96   0x00000012   Code   RO         2655    i.TIM_SetIC3Prescaler  stm32f10x_tim.o
    0x08007ba8   0x0000001a   Code   RO         2656    i.TIM_SetIC4Prescaler  stm32f10x_tim.o
    0x08007bc2   0x00000002   PAD
    0x08007bc4   0x000000a4   Code   RO         2658    i.TIM_TimeBaseInit  stm32f10x_tim.o
    0x08007c68   0x00000088   Code   RO          328    i.USART1_IRQHandler  usart.o
    0x08007cf0   0x00000018   Code   RO         3123    i.USART_Cmd         stm32f10x_usart.o
    0x08007d08   0x00000054   Code   RO         3127    i.USART_GetITStatus  stm32f10x_usart.o
    0x08007d5c   0x0000004a   Code   RO         3129    i.USART_ITConfig    stm32f10x_usart.o
    0x08007da6   0x00000002   PAD
    0x08007da8   0x000000d8   Code   RO         3130    i.USART_Init        stm32f10x_usart.o
    0x08007e80   0x0000000a   Code   RO         3137    i.USART_ReceiveData  stm32f10x_usart.o
    0x08007e8a   0x00000004   Code   RO          158    i.UsageFault_Handler  stm32f10x_it.o
    0x08007e8e   0x00000028   Code   RO         4228    i.__ARM_fpclassify  m_ws.l(fpclassify.o)
    0x08007eb6   0x0000000e   Code   RO         4339    i.__mathlib_dbl_overflow  m_ws.l(dunder.o)
    0x08007ec4   0x00000010   Code   RO         4341    i.__mathlib_dbl_underflow  m_ws.l(dunder.o)
    0x08007ed4   0x00000010   Code   RO         4248    i.__mathlib_narrow  m_ws.l(narrow.o)
    0x08007ee4   0x00000088   Code   RO         4249    i.__mathlib_tofloat  m_ws.l(narrow.o)
    0x08007f6c   0x00000016   Code   RO         4299    i.__support_ldexp   m_ws.l(ldexp.o)
    0x08007f82   0x0000000e   Code   RO         3946    i._is_digit         c_w.l(__printf_wp.o)
    0x08007f90   0x00000006   Code   RO          329    i._sys_exit         usart.o
    0x08007f96   0x00000002   PAD
    0x08007f98   0x00000068   Code   RO         3875    i.angle_jiemian     jiemian.o
    0x08008000   0x000001b8   Code   RO         3552    i.angle_set         motor.o
    0x080081b8   0x0000002a   Code   RO         4013    i.atof              m_ws.l(atof.o)
    0x080081e2   0x00000002   PAD
    0x080081e4   0x00000080   Code   RO         3553    i.change            motor.o
    0x08008264   0x00000044   Code   RO          247    i.delay_init        delay.o
    0x080082a8   0x0000004c   Code   RO          248    i.delay_ms          delay.o
    0x080082f4   0x0000004c   Code   RO          249    i.delay_us          delay.o
    0x08008340   0x0000001c   Code   RO          330    i.fputc             usart.o
    0x0800835c   0x00000058   Code   RO         4274    i.frexp             m_ws.l(frexp.o)
    0x080083b4   0x00000040   Code   RO         3353    i.key_init          key.o
    0x080083f4   0x000002c8   Code   RO         3354    i.key_scan          key.o
    0x080086bc   0x00000074   Code   RO         4300    i.ldexp             m_ws.l(ldexp.o)
    0x08008730   0x00000074   Code   RO            1    i.main              main.o
    0x080087a4   0x0000009c   Code   RO         3554    i.motor_angle       motor.o
    0x08008840   0x00000038   Code   RO         3555    i.motor_start       motor.o
    0x08008878   0x000000d0   Code   RO         3623    i.my_printf         my_printf.o
    0x08008948   0x00000022   Code   RO         3624    i.my_sprintf        my_printf.o
    0x0800896a   0x00000002   PAD
    0x0800896c   0x00000010   Code   RO         3596    i.pid_init          pid.o
    0x0800897c   0x000001fc   Code   RO         3876    i.pid_jiemian       jiemian.o
    0x08008b78   0x000000e8   Code   RO         3597    i.pid_realize       pid.o
    0x08008c60   0x00000e54   Code   RO         3556    i.pid_set           motor.o
    0x08009ab4   0x00000014   Code   RO         3625    i.printch           my_printf.o
    0x08009ac8   0x0000006c   Code   RO         3626    i.printfloat        my_printf.o
    0x08009b34   0x00000034   Code   RO         3627    i.printint          my_printf.o
    0x08009b68   0x0000001c   Code   RO         3628    i.printstr          my_printf.o
    0x08009b84   0x000000a0   Code   RO          331    i.uart_init         usart.o
    0x08009c24   0x000000a4   Code   RO         3877    i.zhujiemian        jiemian.o
    0x08009cc8   0x0000002c   Code   RO         4126    locale$$code        c_w.l(lc_numeric_c.o)
    0x08009cf4   0x0000002c   Code   RO         4233    locale$$code        c_w.l(lc_ctype_c.o)
    0x08009d20   0x00000062   Code   RO         3964    x$fpl$d2f           fz_ws.l(d2f.o)
    0x08009d82   0x00000002   PAD
    0x08009d84   0x00000150   Code   RO         3966    x$fpl$dadd          fz_ws.l(daddsub_clz.o)
    0x08009ed4   0x00000010   Code   RO         4333    x$fpl$dcheck1       fz_ws.l(dcheck1.o)
    0x08009ee4   0x00000018   Code   RO         4292    x$fpl$dcmpinf       fz_ws.l(dcmpi.o)
    0x08009efc   0x00000078   Code   RO         4269    x$fpl$deqf          fz_ws.l(deqf.o)
    0x08009f74   0x0000005a   Code   RO         3972    x$fpl$dfixu         fz_ws.l(dfixu.o)
    0x08009fce   0x00000026   Code   RO         3976    x$fpl$dfltu         fz_ws.l(dflt_clz.o)
    0x08009ff4   0x00000078   Code   RO         4294    x$fpl$dleqf         fz_ws.l(dleqf.o)
    0x0800a06c   0x00000154   Code   RO         3982    x$fpl$dmul          fz_ws.l(dmul.o)
    0x0800a1c0   0x0000009c   Code   RO         4074    x$fpl$dnaninf       fz_ws.l(dnaninf.o)
    0x0800a25c   0x0000000c   Code   RO         4076    x$fpl$dretinf       fz_ws.l(dretinf.o)
    0x0800a268   0x0000006c   Code   RO         4271    x$fpl$drleqf        fz_ws.l(drleqf.o)
    0x0800a2d4   0x000001d4   Code   RO         3968    x$fpl$dsub          fz_ws.l(daddsub_clz.o)
    0x0800a4a8   0x00000056   Code   RO         3984    x$fpl$f2d           fz_ws.l(f2d.o)
    0x0800a4fe   0x00000002   PAD
    0x0800a500   0x000000c4   Code   RO         3986    x$fpl$fadd          fz_ws.l(faddsub_clz.o)
    0x0800a5c4   0x00000184   Code   RO         3993    x$fpl$fdiv          fz_ws.l(fdiv.o)
    0x0800a748   0x00000036   Code   RO         3996    x$fpl$ffix          fz_ws.l(ffix.o)
    0x0800a77e   0x00000002   PAD
    0x0800a780   0x0000003e   Code   RO         4000    x$fpl$ffixu         fz_ws.l(ffixu.o)
    0x0800a7be   0x00000002   PAD
    0x0800a7c0   0x00000030   Code   RO         4005    x$fpl$fflt          fz_ws.l(fflt_clz.o)
    0x0800a7f0   0x00000102   Code   RO         4010    x$fpl$fmul          fz_ws.l(fmul.o)
    0x0800a8f2   0x0000008c   Code   RO         4078    x$fpl$fnaninf       fz_ws.l(fnaninf.o)
    0x0800a97e   0x0000000a   Code   RO         4080    x$fpl$fretinf       fz_ws.l(fretinf.o)
    0x0800a988   0x00000014   Code   RO         3987    x$fpl$frsb          fz_ws.l(faddsub_clz.o)
    0x0800a99c   0x000000ea   Code   RO         3988    x$fpl$fsub          fz_ws.l(faddsub_clz.o)
    0x0800aa86   0x00000004   Code   RO         4082    x$fpl$printf1       fz_ws.l(printf1.o)
    0x0800aa8a   0x00000064   Code   RO         4358    x$fpl$retnan        fz_ws.l(retnan.o)
    0x0800aaee   0x0000005c   Code   RO         4296    x$fpl$scalbn        fz_ws.l(scalbn.o)
    0x0800ab4a   0x00000004   Code   RO         4128    x$fpl$scanf1        fz_ws.l(scanf1.o)
    0x0800ab4e   0x00000008   Code   RO         4242    x$fpl$scanf2        fz_ws.l(scanf2.o)
    0x0800ab56   0x00000030   Code   RO         4364    x$fpl$trapveneer    fz_ws.l(trapv.o)
    0x0800ab86   0x00000000   Code   RO         4084    x$fpl$usenofp       fz_ws.l(usenofp.o)
    0x0800ab86   0x000017c0   Data   RO         3704    .constdata          lcd.o
    0x0800c346   0x00000028   Data   RO         3934    .constdata          c_w.l(_printf_hex_int_ll_ptr.o)
    0x0800c36e   0x00000011   Data   RO         3954    .constdata          c_w.l(__printf_flags_ss_wp.o)
    0x0800c37f   0x00000001   PAD
    0x0800c380   0x00000008   Data   RO         4040    .constdata          c_w.l(_printf_wctomb.o)
    0x0800c388   0x00000094   Data   RO         4147    .constdata          c_w.l(bigflt0.o)
    0x0800c41c   0x00000020   Data   RO         4382    Region$$Table       anon$$obj.o
    0x0800c43c   0x00000008   Data   RO         4237    c$$dinf             fz_ws.l(fpconst.o)
    0x0800c444   0x0000001c   Data   RO         4125    locale$$data        c_w.l(lc_numeric_c.o)
    0x0800c460   0x00000110   Data   RO         4232    locale$$data        c_w.l(lc_ctype_c.o)


    Execution Region ER_RW (Base: 0x20000000, Size: 0x000000c0, Max: 0xffffffff, ABSOLUTE)

    Base Addr    Size         Type   Attr      Idx    E Section Name        Object

    0x20000000   0x00000001   Data   RW            2    .data               main.o
    0x20000001   0x00000003   PAD
    0x20000004   0x00000014   Data   RW          217    .data               system_stm32f10x.o
    0x20000018   0x00000004   Data   RW          250    .data               delay.o
    0x2000001c   0x00000006   Data   RW          333    .data               usart.o
    0x20000022   0x00000014   Data   RW         1983    .data               stm32f10x_rcc.o
    0x20000036   0x00000004   Data   RW         3356    .data               key.o
    0x2000003a   0x00000002   PAD
    0x2000003c   0x00000018   Data   RW         3502    .data               timer.o
    0x20000054   0x0000005c   Data   RW         3557    .data               motor.o
    0x200000b0   0x0000000c   Data   RW         3599    .data               pid.o
    0x200000bc   0x00000004   Data   RW         3705    .data               lcd.o


    Execution Region ER_ZI (Base: 0x200000c0, Size: 0x00000760, Max: 0xffffffff, ABSOLUTE)

    Base Addr    Size         Type   Attr      Idx    E Section Name        Object

    0x200000c0   0x000000c8   Zero   RW          332    .bss                usart.o
    0x20000188   0x00000028   Zero   RW         3598    .bss                pid.o
    0x200001b0   0x0000000e   Zero   RW         3703    .bss                lcd.o
    0x200001be   0x00000002   PAD
    0x200001c0   0x00000060   Zero   RW         4131    .bss                c_w.l(libspace.o)
    0x20000220   0x00000200   Zero   RW          380    HEAP                startup_stm32f10x_hd.o
    0x20000420   0x00000400   Zero   RW          379    STACK               startup_stm32f10x_hd.o


==============================================================================

Image component sizes


      Code (inc. data)   RO Data    RW Data    ZI Data      Debug   Object Name

       220         26          0          4          0     206243   delay.o
       246          0          0          0          0       3107   eeprom.o
       680        102          0          0          0       3834   iic.o
       776        146          0          0          0       1443   jiemian.o
       776         34          0          4          0       1450   key.o
     18024        204       6080          4         14      24599   lcd.o
       116          6          0          1          0     259373   main.o
       172         22          0          0          0       1873   misc.o
      4448        358          0         92          0       4990   motor.o
       450         30          0          0          0       3962   my_printf.o
       248         24          0         12         40       1737   pid.o
        64         26        304          0       1536        756   startup_stm32f10x_hd.o
       282          6          0          0          0       1677   stm32f10x_fsmc.o
       444          6          0          0          0       3725   stm32f10x_gpio.o
        26          0          0          0          0       3290   stm32f10x_it.o
       308         38          0         20          0       4730   stm32f10x_rcc.o
      1370        160          0          0          0      12759   stm32f10x_tim.o
       408          6          0          0          0       4718   stm32f10x_usart.o
         0          0          0          0          0         32   sys.o
       328         28          0         20          0       1857   system_stm32f10x.o
       930         96          0         24          0       4849   timer.o
       330         26          0          6        200       3896   usart.o

    ----------------------------------------------------------------------
     30672       1344       6416        192       1792     554900   Object Totals
         0          0         32          0          0          0   (incl. Generated)
        26          0          0          5          2          0   (incl. Padding)

    ----------------------------------------------------------------------

      Code (inc. data)   RO Data    RW Data    ZI Data      Debug   Library Member Name

        24          4          0          0          0         84   __2printf.o
         8          0          0          0          0         68   __main.o
       392          4         17          0          0         92   __printf_flags_ss_wp.o
        14          0          0          0          0         68   __printf_wp.o
         0          0          0          0          0          0   __rtentry.o
        12          0          0          0          0          0   __rtentry2.o
         6          0          0          0          0          0   __rtentry4.o
        52          8          0          0          0          0   __scatter.o
        26          0          0          0          0          0   __scatter_copy.o
        28          0          0          0          0          0   __scatter_zi.o
        28          0          0          0          0         68   _chval.o
         6          0          0          0          0          0   _printf_a.o
         6          0          0          0          0          0   _printf_c.o
        44          0          0          0          0        108   _printf_char.o
        48          6          0          0          0         96   _printf_char_common.o
        36          4          0          0          0         80   _printf_char_file.o
        40          0          0          0          0         68   _printf_charcount.o
         6          0          0          0          0          0   _printf_d.o
       120         16          0          0          0         92   _printf_dec.o
         6          0          0          0          0          0   _printf_e.o
         6          0          0          0          0          0   _printf_f.o
      1050          0          0          0          0        216   _printf_fp_dec.o
       128         16          0          0          0         84   _printf_fp_infnan.o
         6          0          0          0          0          0   _printf_g.o
       148          4         40          0          0        160   _printf_hex_int_ll_ptr.o
         6          0          0          0          0          0   _printf_i.o
       178          0          0          0          0         88   _printf_intcommon.o
        10          0          0          0          0          0   _printf_l.o
         6          0          0          0          0          0   _printf_lc.o
        10          0          0          0          0          0   _printf_ll.o
         6          0          0          0          0          0   _printf_lld.o
         6          0          0          0          0          0   _printf_lli.o
         6          0          0          0          0          0   _printf_llo.o
         6          0          0          0          0          0   _printf_llu.o
         6          0          0          0          0          0   _printf_llx.o
       124         16          0          0          0         92   _printf_longlong_dec.o
         6          0          0          0          0          0   _printf_ls.o
         6          0          0          0          0          0   _printf_n.o
         6          0          0          0          0          0   _printf_o.o
       112          8          0          0          0        124   _printf_oct_int_ll.o
         6          0          0          0          0          0   _printf_p.o
        78          0          0          0          0        108   _printf_pad.o
         0          0          0          0          0          0   _printf_percent.o
         4          0          0          0          0          0   _printf_percent_end.o
         6          0          0          0          0          0   _printf_s.o
        82          0          0          0          0         80   _printf_str.o
        36          0          0          0          0         84   _printf_truncate.o
         6          0          0          0          0          0   _printf_u.o
        44          0          0          0          0        108   _printf_wchar.o
       188          6          8          0          0         92   _printf_wctomb.o
         6          0          0          0          0          0   _printf_x.o
        22          0          0          0          0        100   _rserrno.o
        64          0          0          0          0         84   _sgetc.o
        10          0          0          0          0         68   _sputc.o
        64          0          0          0          0         92   _wcrtomb.o
       220          4        148          0          0         96   bigflt0.o
      2074        132          0          0          0        940   btod.o
        36          4          0          0          0         76   c89vsprintf.o
        18          0          0          0          0         80   exit.o
         8          0          0          0          0         68   ferror.o
         6          0          0          0          0        152   heapauxi.o
        18          0          0          0          0         76   isspace.o
        44         10        272          0          0         76   lc_ctype_c.o
        44         10         28          0          0         76   lc_numeric_c.o
         2          0          0          0          0          0   libinit.o
        30          0          0          0          0          0   libinit2.o
         2          0          0          0          0          0   libshutdown.o
         2          0          0          0          0          0   libshutdown2.o
         8          4          0          0         96         68   libspace.o
        38          0          0          0          0         68   llshl.o
       138          0          0          0          0         80   lludiv10.o
         4          0          0          0          0         68   putc.o
        16          4          0          0          0         76   rt_ctype_table.o
         8          4          0          0          0         68   rt_errno_addr_intlibspace.o
         8          4          0          0          0         68   rt_locale_intlibspace.o
         2          0          0          0          0          0   rtexit.o
        10          0          0          0          0          0   rtexit2.o
      1188         12          0          0          0        148   scanf_fp.o
       792         14          0          0          0        100   scanf_hexfp.o
       308         16          0          0          0        100   scanf_infnan.o
       128          0          0          0          0         68   strcmpv7m.o
       160         12          0          0          0        120   strtod.o
        74          0          0          0          0         80   sys_stackheap_outer.o
         2          0          0          0          0         68   use_no_semi.o
         2          0          0          0          0         68   use_no_semi_2.o
        98          4          0          0          0         92   d2f.o
       804         16          0          0          0        272   daddsub_clz.o
        16          4          0          0          0         68   dcheck1.o
        24          0          0          0          0         68   dcmpi.o
       120          4          0          0          0         92   deqf.o
        90          4          0          0          0         92   dfixu.o
        38          0          0          0          0         68   dflt_clz.o
       120          4          0          0          0         92   dleqf.o
       340         12          0          0          0        104   dmul.o
       156          4          0          0          0         92   dnaninf.o
        12          0          0          0          0         68   dretinf.o
       108          0          0          0          0         80   drleqf.o
        86          4          0          0          0         84   f2d.o
       450          8          0          0          0        236   faddsub_clz.o
       388         76          0          0          0         96   fdiv.o
        54          4          0          0          0         84   ffix.o
        62          4          0          0          0         84   ffixu.o
        48          0          0          0          0         68   fflt_clz.o
       258          4          0          0          0         84   fmul.o
       140          4          0          0          0         84   fnaninf.o
         0          0          8          0          0          0   fpconst.o
        10          0          0          0          0         68   fretinf.o
         4          0          0          0          0         68   printf1.o
       100          0          0          0          0         68   retnan.o
        92          0          0          0          0         68   scalbn.o
         4          0          0          0          0         68   scanf1.o
         8          0          0          0          0         84   scanf2.o
        48          0          0          0          0         68   trapv.o
         0          0          0          0          0          0   usenofp.o
        42          0          0          0          0         84   atof.o
        30          6          0          0          0        136   dunder.o
        40          0          0          0          0         68   fpclassify.o
        88          8          0          0          0         76   frexp.o
       138          0          0          0          0        160   ldexp.o
       152          4          0          0          0        168   narrow.o

    ----------------------------------------------------------------------
     12934        498        522          0         96       8484   Library Totals
        26          2          1          0          0          0   (incl. Padding)

    ----------------------------------------------------------------------

      Code (inc. data)   RO Data    RW Data    ZI Data      Debug   Library Name

      8740        322        513          0         96       5292   c_w.l
      3678        156          8          0          0       2500   fz_ws.l
       490         18          0          0          0        692   m_ws.l

    ----------------------------------------------------------------------
     12934        498        522          0         96       8484   Library Totals

    ----------------------------------------------------------------------

==============================================================================


      Code (inc. data)   RO Data    RW Data    ZI Data      Debug   

     43606       1842       6938        192       1888     552512   Grand Totals
     43606       1842       6938        192       1888     552512   ELF Image Totals
     43606       1842       6938        192          0          0   ROM Totals

==============================================================================

    Total RO  Size (Code + RO Data)                50544 (  49.36kB)
    Total RW  Size (RW Data + ZI Data)              2080 (   2.03kB)
    Total ROM Size (Code + RO Data + RW Data)      50736 (  49.55kB)

==============================================================================

